Archive member included to satisfy reference by file (symbol)

/home/roman/Downloads/gcc-arm-none-eabi-6-2017-q1-update/bin/../lib/gcc/arm-none-eabi/6.3.1/../../../../arm-none-eabi/lib/thumb/v7-m/libc.a(lib_a-memcpy.o)
                              sys/cmds.o (memcpy)
/home/roman/Downloads/gcc-arm-none-eabi-6-2017-q1-update/bin/../lib/gcc/arm-none-eabi/6.3.1/../../../../arm-none-eabi/lib/thumb/v7-m/libc.a(lib_a-memset.o)
                              sys/serial.o (memset)
/home/roman/Downloads/gcc-arm-none-eabi-6-2017-q1-update/bin/../lib/gcc/arm-none-eabi/6.3.1/../../../../arm-none-eabi/lib/thumb/v7-m/libc.a(lib_a-strlen-stub.o)
                              sys/serial.o (strlen)
/home/roman/Downloads/gcc-arm-none-eabi-6-2017-q1-update/bin/../lib/gcc/arm-none-eabi/6.3.1/../../../../arm-none-eabi/lib/thumb/v7-m/libc.a(lib_a-strncmp.o)
                              sys/cmds.o (strncmp)
/home/roman/Downloads/stm32/libopencm3/lib/libopencm3_stm32f1.a(gpio.o)
                              main.o (gpio_set_mode)
/home/roman/Downloads/stm32/libopencm3/lib/libopencm3_stm32f1.a(rcc.o)
                              main.o (rcc_clock_setup_in_hse_8mhz_out_72mhz)
/home/roman/Downloads/stm32/libopencm3/lib/libopencm3_stm32f1.a(rcc_common_all.o)
                              main.o (rcc_periph_clock_enable)
/home/roman/Downloads/stm32/libopencm3/lib/libopencm3_stm32f1.a(usart_common_all.o)
                              main.o (usart_set_baudrate)
/home/roman/Downloads/stm32/libopencm3/lib/libopencm3_stm32f1.a(usart_common_f124.o)
                              sys/serial.o (usart_send)
/home/roman/Downloads/stm32/libopencm3/lib/libopencm3_stm32f1.a(vector.o)
                              (reset_handler)
/home/roman/Downloads/stm32/libopencm3/lib/libopencm3_stm32f1.a(systick.o)
                              sys/timer.o (systick_set_reload)
/home/roman/Downloads/stm32/libopencm3/lib/libopencm3_stm32f1.a(nvic.o)
                              main.o (nvic_enable_irq)
/home/roman/Downloads/stm32/libopencm3/lib/libopencm3_stm32f1.a(assert.o)
                              /home/roman/Downloads/stm32/libopencm3/lib/libopencm3_stm32f1.a(rcc.o) (cm3_assert_failed)
/home/roman/Downloads/stm32/libopencm3/lib/libopencm3_stm32f1.a(flash_common_all.o)
                              /home/roman/Downloads/stm32/libopencm3/lib/libopencm3_stm32f1.a(rcc.o) (flash_set_ws)

Discarded input sections

 .text          0x0000000000000000        0x0 main.o
 .data          0x0000000000000000        0x0 main.o
 .bss           0x0000000000000000        0x0 main.o
 .text          0x0000000000000000        0x0 sys/serial.o
 .data          0x0000000000000000        0x0 sys/serial.o
 .bss           0x0000000000000000        0x0 sys/serial.o
 .text          0x0000000000000000        0x0 sys/cmds.o
 .data          0x0000000000000000        0x0 sys/cmds.o
 .bss           0x0000000000000000        0x0 sys/cmds.o
 .text          0x0000000000000000        0x0 sys/timer.o
 .data          0x0000000000000000        0x0 sys/timer.o
 .bss           0x0000000000000000        0x0 sys/timer.o
 .data          0x0000000000000000        0x0 /home/roman/Downloads/gcc-arm-none-eabi-6-2017-q1-update/bin/../lib/gcc/arm-none-eabi/6.3.1/../../../../arm-none-eabi/lib/thumb/v7-m/libc.a(lib_a-memcpy.o)
 .bss           0x0000000000000000        0x0 /home/roman/Downloads/gcc-arm-none-eabi-6-2017-q1-update/bin/../lib/gcc/arm-none-eabi/6.3.1/../../../../arm-none-eabi/lib/thumb/v7-m/libc.a(lib_a-memcpy.o)
 .text          0x0000000000000000        0x0 /home/roman/Downloads/gcc-arm-none-eabi-6-2017-q1-update/bin/../lib/gcc/arm-none-eabi/6.3.1/../../../../arm-none-eabi/lib/thumb/v7-m/libc.a(lib_a-memset.o)
 .data          0x0000000000000000        0x0 /home/roman/Downloads/gcc-arm-none-eabi-6-2017-q1-update/bin/../lib/gcc/arm-none-eabi/6.3.1/../../../../arm-none-eabi/lib/thumb/v7-m/libc.a(lib_a-memset.o)
 .bss           0x0000000000000000        0x0 /home/roman/Downloads/gcc-arm-none-eabi-6-2017-q1-update/bin/../lib/gcc/arm-none-eabi/6.3.1/../../../../arm-none-eabi/lib/thumb/v7-m/libc.a(lib_a-memset.o)
 .text          0x0000000000000000        0x0 /home/roman/Downloads/gcc-arm-none-eabi-6-2017-q1-update/bin/../lib/gcc/arm-none-eabi/6.3.1/../../../../arm-none-eabi/lib/thumb/v7-m/libc.a(lib_a-strlen-stub.o)
 .data          0x0000000000000000        0x0 /home/roman/Downloads/gcc-arm-none-eabi-6-2017-q1-update/bin/../lib/gcc/arm-none-eabi/6.3.1/../../../../arm-none-eabi/lib/thumb/v7-m/libc.a(lib_a-strlen-stub.o)
 .bss           0x0000000000000000        0x0 /home/roman/Downloads/gcc-arm-none-eabi-6-2017-q1-update/bin/../lib/gcc/arm-none-eabi/6.3.1/../../../../arm-none-eabi/lib/thumb/v7-m/libc.a(lib_a-strlen-stub.o)
 .text          0x0000000000000000        0x0 /home/roman/Downloads/gcc-arm-none-eabi-6-2017-q1-update/bin/../lib/gcc/arm-none-eabi/6.3.1/../../../../arm-none-eabi/lib/thumb/v7-m/libc.a(lib_a-strncmp.o)
 .data          0x0000000000000000        0x0 /home/roman/Downloads/gcc-arm-none-eabi-6-2017-q1-update/bin/../lib/gcc/arm-none-eabi/6.3.1/../../../../arm-none-eabi/lib/thumb/v7-m/libc.a(lib_a-strncmp.o)
 .bss           0x0000000000000000        0x0 /home/roman/Downloads/gcc-arm-none-eabi-6-2017-q1-update/bin/../lib/gcc/arm-none-eabi/6.3.1/../../../../arm-none-eabi/lib/thumb/v7-m/libc.a(lib_a-strncmp.o)
 .group         0x0000000000000000        0x8 /home/roman/Downloads/stm32/libopencm3/lib/libopencm3_stm32f1.a(gpio.o)
 .group         0x0000000000000000        0x8 /home/roman/Downloads/stm32/libopencm3/lib/libopencm3_stm32f1.a(gpio.o)
 .group         0x0000000000000000        0x8 /home/roman/Downloads/stm32/libopencm3/lib/libopencm3_stm32f1.a(gpio.o)
 .group         0x0000000000000000        0x8 /home/roman/Downloads/stm32/libopencm3/lib/libopencm3_stm32f1.a(gpio.o)
 .group         0x0000000000000000        0x8 /home/roman/Downloads/stm32/libopencm3/lib/libopencm3_stm32f1.a(gpio.o)
 .group         0x0000000000000000        0x8 /home/roman/Downloads/stm32/libopencm3/lib/libopencm3_stm32f1.a(gpio.o)
 .group         0x0000000000000000        0x8 /home/roman/Downloads/stm32/libopencm3/lib/libopencm3_stm32f1.a(gpio.o)
 .group         0x0000000000000000        0x8 /home/roman/Downloads/stm32/libopencm3/lib/libopencm3_stm32f1.a(gpio.o)
 .group         0x0000000000000000        0x8 /home/roman/Downloads/stm32/libopencm3/lib/libopencm3_stm32f1.a(gpio.o)
 .group         0x0000000000000000        0x8 /home/roman/Downloads/stm32/libopencm3/lib/libopencm3_stm32f1.a(gpio.o)
 .group         0x0000000000000000        0x8 /home/roman/Downloads/stm32/libopencm3/lib/libopencm3_stm32f1.a(gpio.o)
 .group         0x0000000000000000        0x8 /home/roman/Downloads/stm32/libopencm3/lib/libopencm3_stm32f1.a(gpio.o)
 .group         0x0000000000000000        0x8 /home/roman/Downloads/stm32/libopencm3/lib/libopencm3_stm32f1.a(gpio.o)
 .group         0x0000000000000000        0x8 /home/roman/Downloads/stm32/libopencm3/lib/libopencm3_stm32f1.a(gpio.o)
 .text          0x0000000000000000        0x0 /home/roman/Downloads/stm32/libopencm3/lib/libopencm3_stm32f1.a(gpio.o)
 .data          0x0000000000000000        0x0 /home/roman/Downloads/stm32/libopencm3/lib/libopencm3_stm32f1.a(gpio.o)
 .bss           0x0000000000000000        0x0 /home/roman/Downloads/stm32/libopencm3/lib/libopencm3_stm32f1.a(gpio.o)
 .text.gpio_set_eventout
                0x0000000000000000       0x10 /home/roman/Downloads/stm32/libopencm3/lib/libopencm3_stm32f1.a(gpio.o)
 .text.gpio_primary_remap
                0x0000000000000000       0x14 /home/roman/Downloads/stm32/libopencm3/lib/libopencm3_stm32f1.a(gpio.o)
 .text.gpio_secondary_remap
                0x0000000000000000       0x10 /home/roman/Downloads/stm32/libopencm3/lib/libopencm3_stm32f1.a(gpio.o)
 .group         0x0000000000000000        0x8 /home/roman/Downloads/stm32/libopencm3/lib/libopencm3_stm32f1.a(rcc.o)
 .group         0x0000000000000000        0x8 /home/roman/Downloads/stm32/libopencm3/lib/libopencm3_stm32f1.a(rcc.o)
 .group         0x0000000000000000        0x8 /home/roman/Downloads/stm32/libopencm3/lib/libopencm3_stm32f1.a(rcc.o)
 .group         0x0000000000000000        0x8 /home/roman/Downloads/stm32/libopencm3/lib/libopencm3_stm32f1.a(rcc.o)
 .group         0x0000000000000000        0x8 /home/roman/Downloads/stm32/libopencm3/lib/libopencm3_stm32f1.a(rcc.o)
 .group         0x0000000000000000        0x8 /home/roman/Downloads/stm32/libopencm3/lib/libopencm3_stm32f1.a(rcc.o)
 .group         0x0000000000000000        0x8 /home/roman/Downloads/stm32/libopencm3/lib/libopencm3_stm32f1.a(rcc.o)
 .group         0x0000000000000000        0x8 /home/roman/Downloads/stm32/libopencm3/lib/libopencm3_stm32f1.a(rcc.o)
 .group         0x0000000000000000        0x8 /home/roman/Downloads/stm32/libopencm3/lib/libopencm3_stm32f1.a(rcc.o)
 .group         0x0000000000000000        0x8 /home/roman/Downloads/stm32/libopencm3/lib/libopencm3_stm32f1.a(rcc.o)
 .group         0x0000000000000000        0x8 /home/roman/Downloads/stm32/libopencm3/lib/libopencm3_stm32f1.a(rcc.o)
 .group         0x0000000000000000        0x8 /home/roman/Downloads/stm32/libopencm3/lib/libopencm3_stm32f1.a(rcc.o)
 .group         0x0000000000000000        0x8 /home/roman/Downloads/stm32/libopencm3/lib/libopencm3_stm32f1.a(rcc.o)
 .group         0x0000000000000000        0x8 /home/roman/Downloads/stm32/libopencm3/lib/libopencm3_stm32f1.a(rcc.o)
 .group         0x0000000000000000        0x8 /home/roman/Downloads/stm32/libopencm3/lib/libopencm3_stm32f1.a(rcc.o)
 .group         0x0000000000000000        0x8 /home/roman/Downloads/stm32/libopencm3/lib/libopencm3_stm32f1.a(rcc.o)
 .text          0x0000000000000000        0x0 /home/roman/Downloads/stm32/libopencm3/lib/libopencm3_stm32f1.a(rcc.o)
 .data          0x0000000000000000        0x0 /home/roman/Downloads/stm32/libopencm3/lib/libopencm3_stm32f1.a(rcc.o)
 .bss           0x0000000000000000        0x0 /home/roman/Downloads/stm32/libopencm3/lib/libopencm3_stm32f1.a(rcc.o)
 .text.rcc_osc_ready_int_clear
                0x0000000000000000       0x5c /home/roman/Downloads/stm32/libopencm3/lib/libopencm3_stm32f1.a(rcc.o)
 .text.rcc_osc_ready_int_enable
                0x0000000000000000       0x5c /home/roman/Downloads/stm32/libopencm3/lib/libopencm3_stm32f1.a(rcc.o)
 .text.rcc_osc_ready_int_disable
                0x0000000000000000       0x5c /home/roman/Downloads/stm32/libopencm3/lib/libopencm3_stm32f1.a(rcc.o)
 .text.rcc_osc_ready_int_flag
                0x0000000000000000       0x54 /home/roman/Downloads/stm32/libopencm3/lib/libopencm3_stm32f1.a(rcc.o)
 .text.rcc_css_int_clear
                0x0000000000000000       0x10 /home/roman/Downloads/stm32/libopencm3/lib/libopencm3_stm32f1.a(rcc.o)
 .text.rcc_css_int_flag
                0x0000000000000000       0x10 /home/roman/Downloads/stm32/libopencm3/lib/libopencm3_stm32f1.a(rcc.o)
 .text.rcc_osc_off
                0x0000000000000000       0x58 /home/roman/Downloads/stm32/libopencm3/lib/libopencm3_stm32f1.a(rcc.o)
 .text.rcc_css_enable
                0x0000000000000000       0x10 /home/roman/Downloads/stm32/libopencm3/lib/libopencm3_stm32f1.a(rcc.o)
 .text.rcc_css_disable
                0x0000000000000000       0x10 /home/roman/Downloads/stm32/libopencm3/lib/libopencm3_stm32f1.a(rcc.o)
 .text.rcc_set_pll2_multiplication_factor
                0x0000000000000000       0x14 /home/roman/Downloads/stm32/libopencm3/lib/libopencm3_stm32f1.a(rcc.o)
 .text.rcc_set_pll3_multiplication_factor
                0x0000000000000000       0x14 /home/roman/Downloads/stm32/libopencm3/lib/libopencm3_stm32f1.a(rcc.o)
 .text.rcc_rtc_clock_enabled_flag
                0x0000000000000000       0x10 /home/roman/Downloads/stm32/libopencm3/lib/libopencm3_stm32f1.a(rcc.o)
 .text.rcc_enable_rtc_clock
                0x0000000000000000       0x10 /home/roman/Downloads/stm32/libopencm3/lib/libopencm3_stm32f1.a(rcc.o)
 .text.rcc_set_rtc_clock_source
                0x0000000000000000       0x90 /home/roman/Downloads/stm32/libopencm3/lib/libopencm3_stm32f1.a(rcc.o)
 .text.rcc_set_usbpre
                0x0000000000000000       0x18 /home/roman/Downloads/stm32/libopencm3/lib/libopencm3_stm32f1.a(rcc.o)
 .text.rcc_set_prediv1
                0x0000000000000000       0x14 /home/roman/Downloads/stm32/libopencm3/lib/libopencm3_stm32f1.a(rcc.o)
 .text.rcc_set_prediv2
                0x0000000000000000       0x14 /home/roman/Downloads/stm32/libopencm3/lib/libopencm3_stm32f1.a(rcc.o)
 .text.rcc_set_prediv1_source
                0x0000000000000000       0x18 /home/roman/Downloads/stm32/libopencm3/lib/libopencm3_stm32f1.a(rcc.o)
 .text.rcc_system_clock_source
                0x0000000000000000       0x10 /home/roman/Downloads/stm32/libopencm3/lib/libopencm3_stm32f1.a(rcc.o)
 .text.rcc_clock_setup_in_hsi_out_64mhz
                0x0000000000000000       0x74 /home/roman/Downloads/stm32/libopencm3/lib/libopencm3_stm32f1.a(rcc.o)
 .text.rcc_clock_setup_in_hsi_out_48mhz
                0x0000000000000000       0x84 /home/roman/Downloads/stm32/libopencm3/lib/libopencm3_stm32f1.a(rcc.o)
 .text.rcc_clock_setup_in_hsi_out_24mhz
                0x0000000000000000       0x70 /home/roman/Downloads/stm32/libopencm3/lib/libopencm3_stm32f1.a(rcc.o)
 .text.rcc_clock_setup_in_hse_8mhz_out_24mhz
                0x0000000000000000       0x88 /home/roman/Downloads/stm32/libopencm3/lib/libopencm3_stm32f1.a(rcc.o)
 .text.rcc_clock_setup_in_hse_12mhz_out_72mhz
                0x0000000000000000       0x8c /home/roman/Downloads/stm32/libopencm3/lib/libopencm3_stm32f1.a(rcc.o)
 .text.rcc_clock_setup_in_hse_16mhz_out_72mhz
                0x0000000000000000       0x8c /home/roman/Downloads/stm32/libopencm3/lib/libopencm3_stm32f1.a(rcc.o)
 .text.rcc_clock_setup_in_hse_25mhz_out_72mhz
                0x0000000000000000       0xac /home/roman/Downloads/stm32/libopencm3/lib/libopencm3_stm32f1.a(rcc.o)
 .text.rcc_backupdomain_reset
                0x0000000000000000       0x18 /home/roman/Downloads/stm32/libopencm3/lib/libopencm3_stm32f1.a(rcc.o)
 .debug_macro   0x0000000000000000      0x8a4 /home/roman/Downloads/stm32/libopencm3/lib/libopencm3_stm32f1.a(rcc.o)
 .debug_macro   0x0000000000000000       0x1c /home/roman/Downloads/stm32/libopencm3/lib/libopencm3_stm32f1.a(rcc.o)
 .debug_macro   0x0000000000000000       0x22 /home/roman/Downloads/stm32/libopencm3/lib/libopencm3_stm32f1.a(rcc.o)
 .debug_macro   0x0000000000000000       0x4f /home/roman/Downloads/stm32/libopencm3/lib/libopencm3_stm32f1.a(rcc.o)
 .debug_macro   0x0000000000000000       0x51 /home/roman/Downloads/stm32/libopencm3/lib/libopencm3_stm32f1.a(rcc.o)
 .debug_macro   0x0000000000000000       0xef /home/roman/Downloads/stm32/libopencm3/lib/libopencm3_stm32f1.a(rcc.o)
 .debug_macro   0x0000000000000000       0x6a /home/roman/Downloads/stm32/libopencm3/lib/libopencm3_stm32f1.a(rcc.o)
 .debug_macro   0x0000000000000000      0x1df /home/roman/Downloads/stm32/libopencm3/lib/libopencm3_stm32f1.a(rcc.o)
 .debug_macro   0x0000000000000000       0x22 /home/roman/Downloads/stm32/libopencm3/lib/libopencm3_stm32f1.a(rcc.o)
 .debug_macro   0x0000000000000000       0xe8 /home/roman/Downloads/stm32/libopencm3/lib/libopencm3_stm32f1.a(rcc.o)
 .debug_macro   0x0000000000000000       0x76 /home/roman/Downloads/stm32/libopencm3/lib/libopencm3_stm32f1.a(rcc.o)
 .debug_macro   0x0000000000000000      0x1b4 /home/roman/Downloads/stm32/libopencm3/lib/libopencm3_stm32f1.a(rcc.o)
 .group         0x0000000000000000        0x8 /home/roman/Downloads/stm32/libopencm3/lib/libopencm3_stm32f1.a(rcc_common_all.o)
 .group         0x0000000000000000        0x8 /home/roman/Downloads/stm32/libopencm3/lib/libopencm3_stm32f1.a(rcc_common_all.o)
 .group         0x0000000000000000        0x8 /home/roman/Downloads/stm32/libopencm3/lib/libopencm3_stm32f1.a(rcc_common_all.o)
 .group         0x0000000000000000        0x8 /home/roman/Downloads/stm32/libopencm3/lib/libopencm3_stm32f1.a(rcc_common_all.o)
 .group         0x0000000000000000        0x8 /home/roman/Downloads/stm32/libopencm3/lib/libopencm3_stm32f1.a(rcc_common_all.o)
 .group         0x0000000000000000        0x8 /home/roman/Downloads/stm32/libopencm3/lib/libopencm3_stm32f1.a(rcc_common_all.o)
 .group         0x0000000000000000        0x8 /home/roman/Downloads/stm32/libopencm3/lib/libopencm3_stm32f1.a(rcc_common_all.o)
 .group         0x0000000000000000        0x8 /home/roman/Downloads/stm32/libopencm3/lib/libopencm3_stm32f1.a(rcc_common_all.o)
 .group         0x0000000000000000        0x8 /home/roman/Downloads/stm32/libopencm3/lib/libopencm3_stm32f1.a(rcc_common_all.o)
 .group         0x0000000000000000        0x8 /home/roman/Downloads/stm32/libopencm3/lib/libopencm3_stm32f1.a(rcc_common_all.o)
 .group         0x0000000000000000        0x8 /home/roman/Downloads/stm32/libopencm3/lib/libopencm3_stm32f1.a(rcc_common_all.o)
 .group         0x0000000000000000        0x8 /home/roman/Downloads/stm32/libopencm3/lib/libopencm3_stm32f1.a(rcc_common_all.o)
 .group         0x0000000000000000        0x8 /home/roman/Downloads/stm32/libopencm3/lib/libopencm3_stm32f1.a(rcc_common_all.o)
 .text          0x0000000000000000        0x0 /home/roman/Downloads/stm32/libopencm3/lib/libopencm3_stm32f1.a(rcc_common_all.o)
 .data          0x0000000000000000        0x0 /home/roman/Downloads/stm32/libopencm3/lib/libopencm3_stm32f1.a(rcc_common_all.o)
 .bss           0x0000000000000000        0x0 /home/roman/Downloads/stm32/libopencm3/lib/libopencm3_stm32f1.a(rcc_common_all.o)
 .text.rcc_peripheral_enable_clock
                0x0000000000000000        0x8 /home/roman/Downloads/stm32/libopencm3/lib/libopencm3_stm32f1.a(rcc_common_all.o)
 .text.rcc_peripheral_disable_clock
                0x0000000000000000        0xa /home/roman/Downloads/stm32/libopencm3/lib/libopencm3_stm32f1.a(rcc_common_all.o)
 .text.rcc_peripheral_reset
                0x0000000000000000        0x8 /home/roman/Downloads/stm32/libopencm3/lib/libopencm3_stm32f1.a(rcc_common_all.o)
 .text.rcc_peripheral_clear_reset
                0x0000000000000000        0xa /home/roman/Downloads/stm32/libopencm3/lib/libopencm3_stm32f1.a(rcc_common_all.o)
 .text.rcc_periph_clock_disable
                0x0000000000000000       0x1e /home/roman/Downloads/stm32/libopencm3/lib/libopencm3_stm32f1.a(rcc_common_all.o)
 .text.rcc_periph_reset_pulse
                0x0000000000000000       0x22 /home/roman/Downloads/stm32/libopencm3/lib/libopencm3_stm32f1.a(rcc_common_all.o)
 .text.rcc_periph_reset_hold
                0x0000000000000000       0x1a /home/roman/Downloads/stm32/libopencm3/lib/libopencm3_stm32f1.a(rcc_common_all.o)
 .text.rcc_periph_reset_release
                0x0000000000000000       0x1e /home/roman/Downloads/stm32/libopencm3/lib/libopencm3_stm32f1.a(rcc_common_all.o)
 .text.rcc_set_mco
                0x0000000000000000       0x14 /home/roman/Downloads/stm32/libopencm3/lib/libopencm3_stm32f1.a(rcc_common_all.o)
 .text.rcc_osc_bypass_enable
                0x0000000000000000       0x28 /home/roman/Downloads/stm32/libopencm3/lib/libopencm3_stm32f1.a(rcc_common_all.o)
 .text.rcc_osc_bypass_disable
                0x0000000000000000       0x28 /home/roman/Downloads/stm32/libopencm3/lib/libopencm3_stm32f1.a(rcc_common_all.o)
 .debug_macro   0x0000000000000000      0x8a4 /home/roman/Downloads/stm32/libopencm3/lib/libopencm3_stm32f1.a(rcc_common_all.o)
 .debug_macro   0x0000000000000000       0x1c /home/roman/Downloads/stm32/libopencm3/lib/libopencm3_stm32f1.a(rcc_common_all.o)
 .debug_macro   0x0000000000000000       0x22 /home/roman/Downloads/stm32/libopencm3/lib/libopencm3_stm32f1.a(rcc_common_all.o)
 .debug_macro   0x0000000000000000       0x4f /home/roman/Downloads/stm32/libopencm3/lib/libopencm3_stm32f1.a(rcc_common_all.o)
 .debug_macro   0x0000000000000000       0x51 /home/roman/Downloads/stm32/libopencm3/lib/libopencm3_stm32f1.a(rcc_common_all.o)
 .debug_macro   0x0000000000000000       0xef /home/roman/Downloads/stm32/libopencm3/lib/libopencm3_stm32f1.a(rcc_common_all.o)
 .debug_macro   0x0000000000000000       0x6a /home/roman/Downloads/stm32/libopencm3/lib/libopencm3_stm32f1.a(rcc_common_all.o)
 .debug_macro   0x0000000000000000      0x1df /home/roman/Downloads/stm32/libopencm3/lib/libopencm3_stm32f1.a(rcc_common_all.o)
 .debug_macro   0x0000000000000000       0x22 /home/roman/Downloads/stm32/libopencm3/lib/libopencm3_stm32f1.a(rcc_common_all.o)
 .debug_macro   0x0000000000000000       0xe8 /home/roman/Downloads/stm32/libopencm3/lib/libopencm3_stm32f1.a(rcc_common_all.o)
 .debug_macro   0x0000000000000000       0x76 /home/roman/Downloads/stm32/libopencm3/lib/libopencm3_stm32f1.a(rcc_common_all.o)
 .debug_macro   0x0000000000000000      0x1b4 /home/roman/Downloads/stm32/libopencm3/lib/libopencm3_stm32f1.a(rcc_common_all.o)
 .debug_macro   0x0000000000000000      0x82c /home/roman/Downloads/stm32/libopencm3/lib/libopencm3_stm32f1.a(rcc_common_all.o)
 .group         0x0000000000000000        0x8 /home/roman/Downloads/stm32/libopencm3/lib/libopencm3_stm32f1.a(usart_common_all.o)
 .group         0x0000000000000000        0x8 /home/roman/Downloads/stm32/libopencm3/lib/libopencm3_stm32f1.a(usart_common_all.o)
 .group         0x0000000000000000        0x8 /home/roman/Downloads/stm32/libopencm3/lib/libopencm3_stm32f1.a(usart_common_all.o)
 .group         0x0000000000000000        0x8 /home/roman/Downloads/stm32/libopencm3/lib/libopencm3_stm32f1.a(usart_common_all.o)
 .group         0x0000000000000000        0x8 /home/roman/Downloads/stm32/libopencm3/lib/libopencm3_stm32f1.a(usart_common_all.o)
 .group         0x0000000000000000        0x8 /home/roman/Downloads/stm32/libopencm3/lib/libopencm3_stm32f1.a(usart_common_all.o)
 .group         0x0000000000000000        0x8 /home/roman/Downloads/stm32/libopencm3/lib/libopencm3_stm32f1.a(usart_common_all.o)
 .group         0x0000000000000000        0x8 /home/roman/Downloads/stm32/libopencm3/lib/libopencm3_stm32f1.a(usart_common_all.o)
 .group         0x0000000000000000        0x8 /home/roman/Downloads/stm32/libopencm3/lib/libopencm3_stm32f1.a(usart_common_all.o)
 .group         0x0000000000000000        0x8 /home/roman/Downloads/stm32/libopencm3/lib/libopencm3_stm32f1.a(usart_common_all.o)
 .group         0x0000000000000000        0x8 /home/roman/Downloads/stm32/libopencm3/lib/libopencm3_stm32f1.a(usart_common_all.o)
 .group         0x0000000000000000        0x8 /home/roman/Downloads/stm32/libopencm3/lib/libopencm3_stm32f1.a(usart_common_all.o)
 .group         0x0000000000000000        0x8 /home/roman/Downloads/stm32/libopencm3/lib/libopencm3_stm32f1.a(usart_common_all.o)
 .group         0x0000000000000000        0x8 /home/roman/Downloads/stm32/libopencm3/lib/libopencm3_stm32f1.a(usart_common_all.o)
 .group         0x0000000000000000        0x8 /home/roman/Downloads/stm32/libopencm3/lib/libopencm3_stm32f1.a(usart_common_all.o)
 .text          0x0000000000000000        0x0 /home/roman/Downloads/stm32/libopencm3/lib/libopencm3_stm32f1.a(usart_common_all.o)
 .data          0x0000000000000000        0x0 /home/roman/Downloads/stm32/libopencm3/lib/libopencm3_stm32f1.a(usart_common_all.o)
 .bss           0x0000000000000000        0x0 /home/roman/Downloads/stm32/libopencm3/lib/libopencm3_stm32f1.a(usart_common_all.o)
 .text.usart_disable
                0x0000000000000000        0xa /home/roman/Downloads/stm32/libopencm3/lib/libopencm3_stm32f1.a(usart_common_all.o)
 .text.usart_send_blocking
                0x0000000000000000       0x16 /home/roman/Downloads/stm32/libopencm3/lib/libopencm3_stm32f1.a(usart_common_all.o)
 .text.usart_recv_blocking
                0x0000000000000000       0x12 /home/roman/Downloads/stm32/libopencm3/lib/libopencm3_stm32f1.a(usart_common_all.o)
 .text.usart_enable_rx_dma
                0x0000000000000000        0xa /home/roman/Downloads/stm32/libopencm3/lib/libopencm3_stm32f1.a(usart_common_all.o)
 .text.usart_disable_rx_dma
                0x0000000000000000        0xa /home/roman/Downloads/stm32/libopencm3/lib/libopencm3_stm32f1.a(usart_common_all.o)
 .text.usart_enable_tx_dma
                0x0000000000000000        0xa /home/roman/Downloads/stm32/libopencm3/lib/libopencm3_stm32f1.a(usart_common_all.o)
 .text.usart_disable_tx_dma
                0x0000000000000000        0xa /home/roman/Downloads/stm32/libopencm3/lib/libopencm3_stm32f1.a(usart_common_all.o)
 .text.usart_enable_rx_interrupt
                0x0000000000000000        0xa /home/roman/Downloads/stm32/libopencm3/lib/libopencm3_stm32f1.a(usart_common_all.o)
 .text.usart_disable_rx_interrupt
                0x0000000000000000        0xa /home/roman/Downloads/stm32/libopencm3/lib/libopencm3_stm32f1.a(usart_common_all.o)
 .text.usart_enable_tx_interrupt
                0x0000000000000000        0xa /home/roman/Downloads/stm32/libopencm3/lib/libopencm3_stm32f1.a(usart_common_all.o)
 .text.usart_disable_tx_interrupt
                0x0000000000000000        0xa /home/roman/Downloads/stm32/libopencm3/lib/libopencm3_stm32f1.a(usart_common_all.o)
 .text.usart_enable_error_interrupt
                0x0000000000000000        0xa /home/roman/Downloads/stm32/libopencm3/lib/libopencm3_stm32f1.a(usart_common_all.o)
 .text.usart_disable_error_interrupt
                0x0000000000000000        0xa /home/roman/Downloads/stm32/libopencm3/lib/libopencm3_stm32f1.a(usart_common_all.o)
 .debug_macro   0x0000000000000000      0x8a4 /home/roman/Downloads/stm32/libopencm3/lib/libopencm3_stm32f1.a(usart_common_all.o)
 .debug_macro   0x0000000000000000       0x1c /home/roman/Downloads/stm32/libopencm3/lib/libopencm3_stm32f1.a(usart_common_all.o)
 .debug_macro   0x0000000000000000       0x22 /home/roman/Downloads/stm32/libopencm3/lib/libopencm3_stm32f1.a(usart_common_all.o)
 .debug_macro   0x0000000000000000       0x4f /home/roman/Downloads/stm32/libopencm3/lib/libopencm3_stm32f1.a(usart_common_all.o)
 .debug_macro   0x0000000000000000       0x51 /home/roman/Downloads/stm32/libopencm3/lib/libopencm3_stm32f1.a(usart_common_all.o)
 .debug_macro   0x0000000000000000       0xef /home/roman/Downloads/stm32/libopencm3/lib/libopencm3_stm32f1.a(usart_common_all.o)
 .debug_macro   0x0000000000000000       0x6a /home/roman/Downloads/stm32/libopencm3/lib/libopencm3_stm32f1.a(usart_common_all.o)
 .debug_macro   0x0000000000000000      0x1df /home/roman/Downloads/stm32/libopencm3/lib/libopencm3_stm32f1.a(usart_common_all.o)
 .debug_macro   0x0000000000000000       0x22 /home/roman/Downloads/stm32/libopencm3/lib/libopencm3_stm32f1.a(usart_common_all.o)
 .debug_macro   0x0000000000000000       0xe8 /home/roman/Downloads/stm32/libopencm3/lib/libopencm3_stm32f1.a(usart_common_all.o)
 .debug_macro   0x0000000000000000       0x76 /home/roman/Downloads/stm32/libopencm3/lib/libopencm3_stm32f1.a(usart_common_all.o)
 .debug_macro   0x0000000000000000      0x1b4 /home/roman/Downloads/stm32/libopencm3/lib/libopencm3_stm32f1.a(usart_common_all.o)
 .debug_macro   0x0000000000000000      0x82c /home/roman/Downloads/stm32/libopencm3/lib/libopencm3_stm32f1.a(usart_common_all.o)
 .group         0x0000000000000000        0x8 /home/roman/Downloads/stm32/libopencm3/lib/libopencm3_stm32f1.a(usart_common_f124.o)
 .group         0x0000000000000000        0x8 /home/roman/Downloads/stm32/libopencm3/lib/libopencm3_stm32f1.a(usart_common_f124.o)
 .group         0x0000000000000000        0x8 /home/roman/Downloads/stm32/libopencm3/lib/libopencm3_stm32f1.a(usart_common_f124.o)
 .group         0x0000000000000000        0x8 /home/roman/Downloads/stm32/libopencm3/lib/libopencm3_stm32f1.a(usart_common_f124.o)
 .group         0x0000000000000000        0x8 /home/roman/Downloads/stm32/libopencm3/lib/libopencm3_stm32f1.a(usart_common_f124.o)
 .group         0x0000000000000000        0x8 /home/roman/Downloads/stm32/libopencm3/lib/libopencm3_stm32f1.a(usart_common_f124.o)
 .group         0x0000000000000000        0x8 /home/roman/Downloads/stm32/libopencm3/lib/libopencm3_stm32f1.a(usart_common_f124.o)
 .group         0x0000000000000000        0x8 /home/roman/Downloads/stm32/libopencm3/lib/libopencm3_stm32f1.a(usart_common_f124.o)
 .group         0x0000000000000000        0x8 /home/roman/Downloads/stm32/libopencm3/lib/libopencm3_stm32f1.a(usart_common_f124.o)
 .group         0x0000000000000000        0x8 /home/roman/Downloads/stm32/libopencm3/lib/libopencm3_stm32f1.a(usart_common_f124.o)
 .group         0x0000000000000000        0x8 /home/roman/Downloads/stm32/libopencm3/lib/libopencm3_stm32f1.a(usart_common_f124.o)
 .group         0x0000000000000000        0x8 /home/roman/Downloads/stm32/libopencm3/lib/libopencm3_stm32f1.a(usart_common_f124.o)
 .group         0x0000000000000000        0x8 /home/roman/Downloads/stm32/libopencm3/lib/libopencm3_stm32f1.a(usart_common_f124.o)
 .group         0x0000000000000000        0x8 /home/roman/Downloads/stm32/libopencm3/lib/libopencm3_stm32f1.a(usart_common_f124.o)
 .group         0x0000000000000000        0x8 /home/roman/Downloads/stm32/libopencm3/lib/libopencm3_stm32f1.a(usart_common_f124.o)
 .text          0x0000000000000000        0x0 /home/roman/Downloads/stm32/libopencm3/lib/libopencm3_stm32f1.a(usart_common_f124.o)
 .data          0x0000000000000000        0x0 /home/roman/Downloads/stm32/libopencm3/lib/libopencm3_stm32f1.a(usart_common_f124.o)
 .bss           0x0000000000000000        0x0 /home/roman/Downloads/stm32/libopencm3/lib/libopencm3_stm32f1.a(usart_common_f124.o)
 .text.usart_wait_send_ready
                0x0000000000000000        0x8 /home/roman/Downloads/stm32/libopencm3/lib/libopencm3_stm32f1.a(usart_common_f124.o)
 .text.usart_wait_recv_ready
                0x0000000000000000        0x8 /home/roman/Downloads/stm32/libopencm3/lib/libopencm3_stm32f1.a(usart_common_f124.o)
 .text.usart_get_flag
                0x0000000000000000        0xc /home/roman/Downloads/stm32/libopencm3/lib/libopencm3_stm32f1.a(usart_common_f124.o)
 .debug_macro   0x0000000000000000      0x8a4 /home/roman/Downloads/stm32/libopencm3/lib/libopencm3_stm32f1.a(usart_common_f124.o)
 .debug_macro   0x0000000000000000       0x1c /home/roman/Downloads/stm32/libopencm3/lib/libopencm3_stm32f1.a(usart_common_f124.o)
 .debug_macro   0x0000000000000000       0x22 /home/roman/Downloads/stm32/libopencm3/lib/libopencm3_stm32f1.a(usart_common_f124.o)
 .debug_macro   0x0000000000000000       0x4f /home/roman/Downloads/stm32/libopencm3/lib/libopencm3_stm32f1.a(usart_common_f124.o)
 .debug_macro   0x0000000000000000       0x51 /home/roman/Downloads/stm32/libopencm3/lib/libopencm3_stm32f1.a(usart_common_f124.o)
 .debug_macro   0x0000000000000000       0xef /home/roman/Downloads/stm32/libopencm3/lib/libopencm3_stm32f1.a(usart_common_f124.o)
 .debug_macro   0x0000000000000000       0x6a /home/roman/Downloads/stm32/libopencm3/lib/libopencm3_stm32f1.a(usart_common_f124.o)
 .debug_macro   0x0000000000000000      0x1df /home/roman/Downloads/stm32/libopencm3/lib/libopencm3_stm32f1.a(usart_common_f124.o)
 .debug_macro   0x0000000000000000       0x22 /home/roman/Downloads/stm32/libopencm3/lib/libopencm3_stm32f1.a(usart_common_f124.o)
 .debug_macro   0x0000000000000000       0xe8 /home/roman/Downloads/stm32/libopencm3/lib/libopencm3_stm32f1.a(usart_common_f124.o)
 .debug_macro   0x0000000000000000       0x76 /home/roman/Downloads/stm32/libopencm3/lib/libopencm3_stm32f1.a(usart_common_f124.o)
 .debug_macro   0x0000000000000000      0x1b4 /home/roman/Downloads/stm32/libopencm3/lib/libopencm3_stm32f1.a(usart_common_f124.o)
 .debug_macro   0x0000000000000000       0x94 /home/roman/Downloads/stm32/libopencm3/lib/libopencm3_stm32f1.a(usart_common_f124.o)
 .debug_macro   0x0000000000000000      0x29e /home/roman/Downloads/stm32/libopencm3/lib/libopencm3_stm32f1.a(usart_common_f124.o)
 .debug_macro   0x0000000000000000      0x82c /home/roman/Downloads/stm32/libopencm3/lib/libopencm3_stm32f1.a(usart_common_f124.o)
 .group         0x0000000000000000        0x8 /home/roman/Downloads/stm32/libopencm3/lib/libopencm3_stm32f1.a(vector.o)
 .group         0x0000000000000000        0x8 /home/roman/Downloads/stm32/libopencm3/lib/libopencm3_stm32f1.a(vector.o)
 .group         0x0000000000000000        0x8 /home/roman/Downloads/stm32/libopencm3/lib/libopencm3_stm32f1.a(vector.o)
 .group         0x0000000000000000        0x8 /home/roman/Downloads/stm32/libopencm3/lib/libopencm3_stm32f1.a(vector.o)
 .group         0x0000000000000000        0x8 /home/roman/Downloads/stm32/libopencm3/lib/libopencm3_stm32f1.a(vector.o)
 .group         0x0000000000000000        0x8 /home/roman/Downloads/stm32/libopencm3/lib/libopencm3_stm32f1.a(vector.o)
 .group         0x0000000000000000        0x8 /home/roman/Downloads/stm32/libopencm3/lib/libopencm3_stm32f1.a(vector.o)
 .group         0x0000000000000000        0x8 /home/roman/Downloads/stm32/libopencm3/lib/libopencm3_stm32f1.a(vector.o)
 .group         0x0000000000000000        0x8 /home/roman/Downloads/stm32/libopencm3/lib/libopencm3_stm32f1.a(vector.o)
 .group         0x0000000000000000        0x8 /home/roman/Downloads/stm32/libopencm3/lib/libopencm3_stm32f1.a(vector.o)
 .group         0x0000000000000000        0x8 /home/roman/Downloads/stm32/libopencm3/lib/libopencm3_stm32f1.a(vector.o)
 .group         0x0000000000000000        0x8 /home/roman/Downloads/stm32/libopencm3/lib/libopencm3_stm32f1.a(vector.o)
 .group         0x0000000000000000        0x8 /home/roman/Downloads/stm32/libopencm3/lib/libopencm3_stm32f1.a(vector.o)
 .group         0x0000000000000000        0x8 /home/roman/Downloads/stm32/libopencm3/lib/libopencm3_stm32f1.a(vector.o)
 .text          0x0000000000000000        0x0 /home/roman/Downloads/stm32/libopencm3/lib/libopencm3_stm32f1.a(vector.o)
 .data          0x0000000000000000        0x0 /home/roman/Downloads/stm32/libopencm3/lib/libopencm3_stm32f1.a(vector.o)
 .bss           0x0000000000000000        0x0 /home/roman/Downloads/stm32/libopencm3/lib/libopencm3_stm32f1.a(vector.o)
 .debug_macro   0x0000000000000000      0x8a4 /home/roman/Downloads/stm32/libopencm3/lib/libopencm3_stm32f1.a(vector.o)
 .debug_macro   0x0000000000000000       0x76 /home/roman/Downloads/stm32/libopencm3/lib/libopencm3_stm32f1.a(vector.o)
 .debug_macro   0x0000000000000000       0x1c /home/roman/Downloads/stm32/libopencm3/lib/libopencm3_stm32f1.a(vector.o)
 .debug_macro   0x0000000000000000       0x22 /home/roman/Downloads/stm32/libopencm3/lib/libopencm3_stm32f1.a(vector.o)
 .debug_macro   0x0000000000000000       0x4f /home/roman/Downloads/stm32/libopencm3/lib/libopencm3_stm32f1.a(vector.o)
 .debug_macro   0x0000000000000000       0x51 /home/roman/Downloads/stm32/libopencm3/lib/libopencm3_stm32f1.a(vector.o)
 .debug_macro   0x0000000000000000       0xef /home/roman/Downloads/stm32/libopencm3/lib/libopencm3_stm32f1.a(vector.o)
 .debug_macro   0x0000000000000000       0x6a /home/roman/Downloads/stm32/libopencm3/lib/libopencm3_stm32f1.a(vector.o)
 .debug_macro   0x0000000000000000      0x1df /home/roman/Downloads/stm32/libopencm3/lib/libopencm3_stm32f1.a(vector.o)
 .debug_macro   0x0000000000000000       0x22 /home/roman/Downloads/stm32/libopencm3/lib/libopencm3_stm32f1.a(vector.o)
 .debug_macro   0x0000000000000000       0xe8 /home/roman/Downloads/stm32/libopencm3/lib/libopencm3_stm32f1.a(vector.o)
 .group         0x0000000000000000        0x8 /home/roman/Downloads/stm32/libopencm3/lib/libopencm3_stm32f1.a(systick.o)
 .group         0x0000000000000000        0x8 /home/roman/Downloads/stm32/libopencm3/lib/libopencm3_stm32f1.a(systick.o)
 .group         0x0000000000000000        0x8 /home/roman/Downloads/stm32/libopencm3/lib/libopencm3_stm32f1.a(systick.o)
 .group         0x0000000000000000        0x8 /home/roman/Downloads/stm32/libopencm3/lib/libopencm3_stm32f1.a(systick.o)
 .group         0x0000000000000000        0x8 /home/roman/Downloads/stm32/libopencm3/lib/libopencm3_stm32f1.a(systick.o)
 .group         0x0000000000000000        0x8 /home/roman/Downloads/stm32/libopencm3/lib/libopencm3_stm32f1.a(systick.o)
 .group         0x0000000000000000        0x8 /home/roman/Downloads/stm32/libopencm3/lib/libopencm3_stm32f1.a(systick.o)
 .group         0x0000000000000000        0x8 /home/roman/Downloads/stm32/libopencm3/lib/libopencm3_stm32f1.a(systick.o)
 .group         0x0000000000000000        0x8 /home/roman/Downloads/stm32/libopencm3/lib/libopencm3_stm32f1.a(systick.o)
 .group         0x0000000000000000        0x8 /home/roman/Downloads/stm32/libopencm3/lib/libopencm3_stm32f1.a(systick.o)
 .group         0x0000000000000000        0x8 /home/roman/Downloads/stm32/libopencm3/lib/libopencm3_stm32f1.a(systick.o)
 .group         0x0000000000000000        0x8 /home/roman/Downloads/stm32/libopencm3/lib/libopencm3_stm32f1.a(systick.o)
 .text          0x0000000000000000        0x0 /home/roman/Downloads/stm32/libopencm3/lib/libopencm3_stm32f1.a(systick.o)
 .data          0x0000000000000000        0x0 /home/roman/Downloads/stm32/libopencm3/lib/libopencm3_stm32f1.a(systick.o)
 .bss           0x0000000000000000        0x0 /home/roman/Downloads/stm32/libopencm3/lib/libopencm3_stm32f1.a(systick.o)
 .text.systick_get_reload
                0x0000000000000000       0x10 /home/roman/Downloads/stm32/libopencm3/lib/libopencm3_stm32f1.a(systick.o)
 .text.systick_get_value
                0x0000000000000000       0x10 /home/roman/Downloads/stm32/libopencm3/lib/libopencm3_stm32f1.a(systick.o)
 .text.systick_set_frequency
                0x0000000000000000       0x3c /home/roman/Downloads/stm32/libopencm3/lib/libopencm3_stm32f1.a(systick.o)
 .text.systick_interrupt_disable
                0x0000000000000000       0x10 /home/roman/Downloads/stm32/libopencm3/lib/libopencm3_stm32f1.a(systick.o)
 .text.systick_counter_disable
                0x0000000000000000       0x10 /home/roman/Downloads/stm32/libopencm3/lib/libopencm3_stm32f1.a(systick.o)
 .text.systick_get_countflag
                0x0000000000000000       0x10 /home/roman/Downloads/stm32/libopencm3/lib/libopencm3_stm32f1.a(systick.o)
 .text.systick_clear
                0x0000000000000000        0xc /home/roman/Downloads/stm32/libopencm3/lib/libopencm3_stm32f1.a(systick.o)
 .text.systick_get_calib
                0x0000000000000000       0x10 /home/roman/Downloads/stm32/libopencm3/lib/libopencm3_stm32f1.a(systick.o)
 .debug_macro   0x0000000000000000      0x8a4 /home/roman/Downloads/stm32/libopencm3/lib/libopencm3_stm32f1.a(systick.o)
 .debug_macro   0x0000000000000000       0x76 /home/roman/Downloads/stm32/libopencm3/lib/libopencm3_stm32f1.a(systick.o)
 .debug_macro   0x0000000000000000       0x1c /home/roman/Downloads/stm32/libopencm3/lib/libopencm3_stm32f1.a(systick.o)
 .debug_macro   0x0000000000000000       0x22 /home/roman/Downloads/stm32/libopencm3/lib/libopencm3_stm32f1.a(systick.o)
 .debug_macro   0x0000000000000000       0x4f /home/roman/Downloads/stm32/libopencm3/lib/libopencm3_stm32f1.a(systick.o)
 .debug_macro   0x0000000000000000       0x51 /home/roman/Downloads/stm32/libopencm3/lib/libopencm3_stm32f1.a(systick.o)
 .debug_macro   0x0000000000000000       0xef /home/roman/Downloads/stm32/libopencm3/lib/libopencm3_stm32f1.a(systick.o)
 .debug_macro   0x0000000000000000       0x6a /home/roman/Downloads/stm32/libopencm3/lib/libopencm3_stm32f1.a(systick.o)
 .debug_macro   0x0000000000000000      0x1df /home/roman/Downloads/stm32/libopencm3/lib/libopencm3_stm32f1.a(systick.o)
 .debug_macro   0x0000000000000000       0x22 /home/roman/Downloads/stm32/libopencm3/lib/libopencm3_stm32f1.a(systick.o)
 .debug_macro   0x0000000000000000       0xe8 /home/roman/Downloads/stm32/libopencm3/lib/libopencm3_stm32f1.a(systick.o)
 .group         0x0000000000000000        0x8 /home/roman/Downloads/stm32/libopencm3/lib/libopencm3_stm32f1.a(nvic.o)
 .group         0x0000000000000000        0x8 /home/roman/Downloads/stm32/libopencm3/lib/libopencm3_stm32f1.a(nvic.o)
 .group         0x0000000000000000        0x8 /home/roman/Downloads/stm32/libopencm3/lib/libopencm3_stm32f1.a(nvic.o)
 .group         0x0000000000000000        0x8 /home/roman/Downloads/stm32/libopencm3/lib/libopencm3_stm32f1.a(nvic.o)
 .group         0x0000000000000000        0x8 /home/roman/Downloads/stm32/libopencm3/lib/libopencm3_stm32f1.a(nvic.o)
 .group         0x0000000000000000        0x8 /home/roman/Downloads/stm32/libopencm3/lib/libopencm3_stm32f1.a(nvic.o)
 .group         0x0000000000000000        0x8 /home/roman/Downloads/stm32/libopencm3/lib/libopencm3_stm32f1.a(nvic.o)
 .group         0x0000000000000000        0x8 /home/roman/Downloads/stm32/libopencm3/lib/libopencm3_stm32f1.a(nvic.o)
 .group         0x0000000000000000        0x8 /home/roman/Downloads/stm32/libopencm3/lib/libopencm3_stm32f1.a(nvic.o)
 .group         0x0000000000000000        0x8 /home/roman/Downloads/stm32/libopencm3/lib/libopencm3_stm32f1.a(nvic.o)
 .group         0x0000000000000000        0x8 /home/roman/Downloads/stm32/libopencm3/lib/libopencm3_stm32f1.a(nvic.o)
 .group         0x0000000000000000        0x8 /home/roman/Downloads/stm32/libopencm3/lib/libopencm3_stm32f1.a(nvic.o)
 .group         0x0000000000000000        0x8 /home/roman/Downloads/stm32/libopencm3/lib/libopencm3_stm32f1.a(nvic.o)
 .group         0x0000000000000000        0x8 /home/roman/Downloads/stm32/libopencm3/lib/libopencm3_stm32f1.a(nvic.o)
 .text          0x0000000000000000        0x0 /home/roman/Downloads/stm32/libopencm3/lib/libopencm3_stm32f1.a(nvic.o)
 .data          0x0000000000000000        0x0 /home/roman/Downloads/stm32/libopencm3/lib/libopencm3_stm32f1.a(nvic.o)
 .bss           0x0000000000000000        0x0 /home/roman/Downloads/stm32/libopencm3/lib/libopencm3_stm32f1.a(nvic.o)
 .text.nvic_disable_irq
                0x0000000000000000       0x18 /home/roman/Downloads/stm32/libopencm3/lib/libopencm3_stm32f1.a(nvic.o)
 .text.nvic_get_pending_irq
                0x0000000000000000       0x22 /home/roman/Downloads/stm32/libopencm3/lib/libopencm3_stm32f1.a(nvic.o)
 .text.nvic_set_pending_irq
                0x0000000000000000       0x1a /home/roman/Downloads/stm32/libopencm3/lib/libopencm3_stm32f1.a(nvic.o)
 .text.nvic_clear_pending_irq
                0x0000000000000000       0x18 /home/roman/Downloads/stm32/libopencm3/lib/libopencm3_stm32f1.a(nvic.o)
 .text.nvic_get_irq_enabled
                0x0000000000000000       0x22 /home/roman/Downloads/stm32/libopencm3/lib/libopencm3_stm32f1.a(nvic.o)
 .text.nvic_set_priority
                0x0000000000000000       0x20 /home/roman/Downloads/stm32/libopencm3/lib/libopencm3_stm32f1.a(nvic.o)
 .text.nvic_get_active_irq
                0x0000000000000000       0x22 /home/roman/Downloads/stm32/libopencm3/lib/libopencm3_stm32f1.a(nvic.o)
 .text.nvic_generate_software_interrupt
                0x0000000000000000       0x14 /home/roman/Downloads/stm32/libopencm3/lib/libopencm3_stm32f1.a(nvic.o)
 .debug_macro   0x0000000000000000      0x8a4 /home/roman/Downloads/stm32/libopencm3/lib/libopencm3_stm32f1.a(nvic.o)
 .debug_macro   0x0000000000000000       0x1c /home/roman/Downloads/stm32/libopencm3/lib/libopencm3_stm32f1.a(nvic.o)
 .debug_macro   0x0000000000000000       0x22 /home/roman/Downloads/stm32/libopencm3/lib/libopencm3_stm32f1.a(nvic.o)
 .debug_macro   0x0000000000000000       0x4f /home/roman/Downloads/stm32/libopencm3/lib/libopencm3_stm32f1.a(nvic.o)
 .debug_macro   0x0000000000000000       0x51 /home/roman/Downloads/stm32/libopencm3/lib/libopencm3_stm32f1.a(nvic.o)
 .debug_macro   0x0000000000000000       0xef /home/roman/Downloads/stm32/libopencm3/lib/libopencm3_stm32f1.a(nvic.o)
 .debug_macro   0x0000000000000000       0x6a /home/roman/Downloads/stm32/libopencm3/lib/libopencm3_stm32f1.a(nvic.o)
 .debug_macro   0x0000000000000000      0x1df /home/roman/Downloads/stm32/libopencm3/lib/libopencm3_stm32f1.a(nvic.o)
 .debug_macro   0x0000000000000000       0x22 /home/roman/Downloads/stm32/libopencm3/lib/libopencm3_stm32f1.a(nvic.o)
 .debug_macro   0x0000000000000000       0xe8 /home/roman/Downloads/stm32/libopencm3/lib/libopencm3_stm32f1.a(nvic.o)
 .debug_macro   0x0000000000000000       0x76 /home/roman/Downloads/stm32/libopencm3/lib/libopencm3_stm32f1.a(nvic.o)
 .debug_macro   0x0000000000000000      0x1a2 /home/roman/Downloads/stm32/libopencm3/lib/libopencm3_stm32f1.a(nvic.o)
 .group         0x0000000000000000        0x8 /home/roman/Downloads/stm32/libopencm3/lib/libopencm3_stm32f1.a(assert.o)
 .group         0x0000000000000000        0x8 /home/roman/Downloads/stm32/libopencm3/lib/libopencm3_stm32f1.a(assert.o)
 .group         0x0000000000000000        0x8 /home/roman/Downloads/stm32/libopencm3/lib/libopencm3_stm32f1.a(assert.o)
 .group         0x0000000000000000        0x8 /home/roman/Downloads/stm32/libopencm3/lib/libopencm3_stm32f1.a(assert.o)
 .group         0x0000000000000000        0x8 /home/roman/Downloads/stm32/libopencm3/lib/libopencm3_stm32f1.a(assert.o)
 .group         0x0000000000000000        0x8 /home/roman/Downloads/stm32/libopencm3/lib/libopencm3_stm32f1.a(assert.o)
 .group         0x0000000000000000        0x8 /home/roman/Downloads/stm32/libopencm3/lib/libopencm3_stm32f1.a(assert.o)
 .group         0x0000000000000000        0x8 /home/roman/Downloads/stm32/libopencm3/lib/libopencm3_stm32f1.a(assert.o)
 .group         0x0000000000000000        0x8 /home/roman/Downloads/stm32/libopencm3/lib/libopencm3_stm32f1.a(assert.o)
 .group         0x0000000000000000        0x8 /home/roman/Downloads/stm32/libopencm3/lib/libopencm3_stm32f1.a(assert.o)
 .group         0x0000000000000000        0x8 /home/roman/Downloads/stm32/libopencm3/lib/libopencm3_stm32f1.a(assert.o)
 .text          0x0000000000000000        0x0 /home/roman/Downloads/stm32/libopencm3/lib/libopencm3_stm32f1.a(assert.o)
 .data          0x0000000000000000        0x0 /home/roman/Downloads/stm32/libopencm3/lib/libopencm3_stm32f1.a(assert.o)
 .bss           0x0000000000000000        0x0 /home/roman/Downloads/stm32/libopencm3/lib/libopencm3_stm32f1.a(assert.o)
 .text.cm3_assert_failed
                0x0000000000000000        0x2 /home/roman/Downloads/stm32/libopencm3/lib/libopencm3_stm32f1.a(assert.o)
 .text.cm3_assert_failed_verbose
                0x0000000000000000        0x6 /home/roman/Downloads/stm32/libopencm3/lib/libopencm3_stm32f1.a(assert.o)
 .debug_info    0x0000000000000000       0xee /home/roman/Downloads/stm32/libopencm3/lib/libopencm3_stm32f1.a(assert.o)
 .debug_abbrev  0x0000000000000000       0x8f /home/roman/Downloads/stm32/libopencm3/lib/libopencm3_stm32f1.a(assert.o)
 .debug_loc     0x0000000000000000       0x84 /home/roman/Downloads/stm32/libopencm3/lib/libopencm3_stm32f1.a(assert.o)
 .debug_aranges
                0x0000000000000000       0x28 /home/roman/Downloads/stm32/libopencm3/lib/libopencm3_stm32f1.a(assert.o)
 .debug_ranges  0x0000000000000000       0x18 /home/roman/Downloads/stm32/libopencm3/lib/libopencm3_stm32f1.a(assert.o)
 .debug_macro   0x0000000000000000       0x89 /home/roman/Downloads/stm32/libopencm3/lib/libopencm3_stm32f1.a(assert.o)
 .debug_macro   0x0000000000000000      0x8a4 /home/roman/Downloads/stm32/libopencm3/lib/libopencm3_stm32f1.a(assert.o)
 .debug_macro   0x0000000000000000       0x1c /home/roman/Downloads/stm32/libopencm3/lib/libopencm3_stm32f1.a(assert.o)
 .debug_macro   0x0000000000000000       0x22 /home/roman/Downloads/stm32/libopencm3/lib/libopencm3_stm32f1.a(assert.o)
 .debug_macro   0x0000000000000000       0x4f /home/roman/Downloads/stm32/libopencm3/lib/libopencm3_stm32f1.a(assert.o)
 .debug_macro   0x0000000000000000       0x51 /home/roman/Downloads/stm32/libopencm3/lib/libopencm3_stm32f1.a(assert.o)
 .debug_macro   0x0000000000000000       0xef /home/roman/Downloads/stm32/libopencm3/lib/libopencm3_stm32f1.a(assert.o)
 .debug_macro   0x0000000000000000       0x6a /home/roman/Downloads/stm32/libopencm3/lib/libopencm3_stm32f1.a(assert.o)
 .debug_macro   0x0000000000000000      0x1df /home/roman/Downloads/stm32/libopencm3/lib/libopencm3_stm32f1.a(assert.o)
 .debug_macro   0x0000000000000000       0x22 /home/roman/Downloads/stm32/libopencm3/lib/libopencm3_stm32f1.a(assert.o)
 .debug_macro   0x0000000000000000       0xe8 /home/roman/Downloads/stm32/libopencm3/lib/libopencm3_stm32f1.a(assert.o)
 .debug_macro   0x0000000000000000       0x16 /home/roman/Downloads/stm32/libopencm3/lib/libopencm3_stm32f1.a(assert.o)
 .debug_line    0x0000000000000000      0x257 /home/roman/Downloads/stm32/libopencm3/lib/libopencm3_stm32f1.a(assert.o)
 .debug_str     0x0000000000000000     0x3847 /home/roman/Downloads/stm32/libopencm3/lib/libopencm3_stm32f1.a(assert.o)
 .comment       0x0000000000000000       0x80 /home/roman/Downloads/stm32/libopencm3/lib/libopencm3_stm32f1.a(assert.o)
 .debug_frame   0x0000000000000000       0x38 /home/roman/Downloads/stm32/libopencm3/lib/libopencm3_stm32f1.a(assert.o)
 .ARM.attributes
                0x0000000000000000       0x33 /home/roman/Downloads/stm32/libopencm3/lib/libopencm3_stm32f1.a(assert.o)
 .group         0x0000000000000000        0x8 /home/roman/Downloads/stm32/libopencm3/lib/libopencm3_stm32f1.a(flash_common_all.o)
 .group         0x0000000000000000        0x8 /home/roman/Downloads/stm32/libopencm3/lib/libopencm3_stm32f1.a(flash_common_all.o)
 .group         0x0000000000000000        0x8 /home/roman/Downloads/stm32/libopencm3/lib/libopencm3_stm32f1.a(flash_common_all.o)
 .group         0x0000000000000000        0x8 /home/roman/Downloads/stm32/libopencm3/lib/libopencm3_stm32f1.a(flash_common_all.o)
 .group         0x0000000000000000        0x8 /home/roman/Downloads/stm32/libopencm3/lib/libopencm3_stm32f1.a(flash_common_all.o)
 .group         0x0000000000000000        0x8 /home/roman/Downloads/stm32/libopencm3/lib/libopencm3_stm32f1.a(flash_common_all.o)
 .group         0x0000000000000000        0x8 /home/roman/Downloads/stm32/libopencm3/lib/libopencm3_stm32f1.a(flash_common_all.o)
 .group         0x0000000000000000        0x8 /home/roman/Downloads/stm32/libopencm3/lib/libopencm3_stm32f1.a(flash_common_all.o)
 .group         0x0000000000000000        0x8 /home/roman/Downloads/stm32/libopencm3/lib/libopencm3_stm32f1.a(flash_common_all.o)
 .group         0x0000000000000000        0x8 /home/roman/Downloads/stm32/libopencm3/lib/libopencm3_stm32f1.a(flash_common_all.o)
 .group         0x0000000000000000        0x8 /home/roman/Downloads/stm32/libopencm3/lib/libopencm3_stm32f1.a(flash_common_all.o)
 .group         0x0000000000000000        0x8 /home/roman/Downloads/stm32/libopencm3/lib/libopencm3_stm32f1.a(flash_common_all.o)
 .group         0x0000000000000000        0x8 /home/roman/Downloads/stm32/libopencm3/lib/libopencm3_stm32f1.a(flash_common_all.o)
 .group         0x0000000000000000        0x8 /home/roman/Downloads/stm32/libopencm3/lib/libopencm3_stm32f1.a(flash_common_all.o)
 .text          0x0000000000000000        0x0 /home/roman/Downloads/stm32/libopencm3/lib/libopencm3_stm32f1.a(flash_common_all.o)
 .data          0x0000000000000000        0x0 /home/roman/Downloads/stm32/libopencm3/lib/libopencm3_stm32f1.a(flash_common_all.o)
 .bss           0x0000000000000000        0x0 /home/roman/Downloads/stm32/libopencm3/lib/libopencm3_stm32f1.a(flash_common_all.o)
 .text.flash_prefetch_enable
                0x0000000000000000       0x10 /home/roman/Downloads/stm32/libopencm3/lib/libopencm3_stm32f1.a(flash_common_all.o)
 .text.flash_prefetch_disable
                0x0000000000000000       0x10 /home/roman/Downloads/stm32/libopencm3/lib/libopencm3_stm32f1.a(flash_common_all.o)
 .text.flash_unlock_option_bytes
                0x0000000000000000       0x18 /home/roman/Downloads/stm32/libopencm3/lib/libopencm3_stm32f1.a(flash_common_all.o)
 .debug_macro   0x0000000000000000      0x8a4 /home/roman/Downloads/stm32/libopencm3/lib/libopencm3_stm32f1.a(flash_common_all.o)
 .debug_macro   0x0000000000000000       0x1c /home/roman/Downloads/stm32/libopencm3/lib/libopencm3_stm32f1.a(flash_common_all.o)
 .debug_macro   0x0000000000000000       0x22 /home/roman/Downloads/stm32/libopencm3/lib/libopencm3_stm32f1.a(flash_common_all.o)
 .debug_macro   0x0000000000000000       0x4f /home/roman/Downloads/stm32/libopencm3/lib/libopencm3_stm32f1.a(flash_common_all.o)
 .debug_macro   0x0000000000000000       0x51 /home/roman/Downloads/stm32/libopencm3/lib/libopencm3_stm32f1.a(flash_common_all.o)
 .debug_macro   0x0000000000000000       0xef /home/roman/Downloads/stm32/libopencm3/lib/libopencm3_stm32f1.a(flash_common_all.o)
 .debug_macro   0x0000000000000000       0x6a /home/roman/Downloads/stm32/libopencm3/lib/libopencm3_stm32f1.a(flash_common_all.o)
 .debug_macro   0x0000000000000000      0x1df /home/roman/Downloads/stm32/libopencm3/lib/libopencm3_stm32f1.a(flash_common_all.o)
 .debug_macro   0x0000000000000000       0x22 /home/roman/Downloads/stm32/libopencm3/lib/libopencm3_stm32f1.a(flash_common_all.o)
 .debug_macro   0x0000000000000000       0xe8 /home/roman/Downloads/stm32/libopencm3/lib/libopencm3_stm32f1.a(flash_common_all.o)
 .debug_macro   0x0000000000000000       0x76 /home/roman/Downloads/stm32/libopencm3/lib/libopencm3_stm32f1.a(flash_common_all.o)
 .debug_macro   0x0000000000000000      0x1b4 /home/roman/Downloads/stm32/libopencm3/lib/libopencm3_stm32f1.a(flash_common_all.o)
 .debug_macro   0x0000000000000000       0xee /home/roman/Downloads/stm32/libopencm3/lib/libopencm3_stm32f1.a(flash_common_all.o)
 .debug_macro   0x0000000000000000       0x82 /home/roman/Downloads/stm32/libopencm3/lib/libopencm3_stm32f1.a(flash_common_all.o)

Memory Configuration

Name             Origin             Length             Attributes
rom              0x0000000008000000 0x0000000000010000 xr
ram              0x0000000020000000 0x0000000000005000 xrw
*default*        0x0000000000000000 0xffffffffffffffff

Linker script and memory map

LOAD main.o
LOAD sys/serial.o
LOAD sys/cmds.o
LOAD sys/timer.o
START GROUP
LOAD /home/roman/Downloads/gcc-arm-none-eabi-6-2017-q1-update/bin/../lib/gcc/arm-none-eabi/6.3.1/../../../../arm-none-eabi/lib/thumb/v7-m/libc.a
LOAD /home/roman/Downloads/gcc-arm-none-eabi-6-2017-q1-update/bin/../lib/gcc/arm-none-eabi/6.3.1/thumb/v7-m/libgcc.a
LOAD /home/roman/Downloads/gcc-arm-none-eabi-6-2017-q1-update/bin/../lib/gcc/arm-none-eabi/6.3.1/../../../../arm-none-eabi/lib/thumb/v7-m/libnosys.a
END GROUP
LOAD /home/roman/Downloads/stm32//rtos/libwwg/libwwg.a
LOAD /home/roman/Downloads/stm32/libopencm3/lib/libopencm3_stm32f1.a
START GROUP
LOAD /home/roman/Downloads/gcc-arm-none-eabi-6-2017-q1-update/bin/../lib/gcc/arm-none-eabi/6.3.1/thumb/v7-m/libgcc.a
LOAD /home/roman/Downloads/gcc-arm-none-eabi-6-2017-q1-update/bin/../lib/gcc/arm-none-eabi/6.3.1/../../../../arm-none-eabi/lib/thumb/v7-m/libc.a
END GROUP
START GROUP
LOAD /home/roman/Downloads/gcc-arm-none-eabi-6-2017-q1-update/bin/../lib/gcc/arm-none-eabi/6.3.1/thumb/v7-m/libgcc.a
LOAD /home/roman/Downloads/gcc-arm-none-eabi-6-2017-q1-update/bin/../lib/gcc/arm-none-eabi/6.3.1/../../../../arm-none-eabi/lib/thumb/v7-m/libc.a
LOAD /home/roman/Downloads/gcc-arm-none-eabi-6-2017-q1-update/bin/../lib/gcc/arm-none-eabi/6.3.1/../../../../arm-none-eabi/lib/thumb/v7-m/libnosys.a
END GROUP

.text           0x0000000008000000      0xbec
 *(.vectors)
 .vectors       0x0000000008000000      0x150 /home/roman/Downloads/stm32/libopencm3/lib/libopencm3_stm32f1.a(vector.o)
                0x0000000008000000                vector_table
 *(.text*)
 .text.usart1_isr
                0x0000000008000150       0x48 main.o
                0x0000000008000150                usart1_isr
 .text.startup.main
                0x0000000008000198       0xb4 main.o
                0x0000000008000198                main
 .text.uart_put_raw_line
                0x000000000800024c       0x54 sys/serial.o
                0x000000000800024c                uart_put_raw_line
 .text.uart_put_new_line
                0x00000000080002a0        0xc sys/serial.o
                0x00000000080002a0                uart_put_new_line
 .text.uart_put_line
                0x00000000080002ac        0xe sys/serial.o
                0x00000000080002ac                uart_put_line
 *fill*         0x00000000080002ba        0x2 
 .text.uart_send_response
                0x00000000080002bc       0x44 sys/serial.o
                0x00000000080002bc                uart_send_response
 .text.uart_send_echo_buffer
                0x0000000008000300       0x3c sys/serial.o
                0x0000000008000300                uart_send_echo_buffer
 .text.uart_rcv_echo_buffer
                0x000000000800033c       0x70 sys/serial.o
                0x000000000800033c                uart_rcv_echo_buffer
 .text.uart_check_for_cmd
                0x00000000080003ac       0xd0 sys/serial.o
                0x00000000080003ac                uart_check_for_cmd
 .text.cli_help
                0x000000000800047c        0xc sys/cmds.o
 .text.process_cmd
                0x0000000008000488       0x58 sys/cmds.o
                0x0000000008000488                process_cmd
 .text.sys_tick_handler
                0x00000000080004e0       0x10 sys/timer.o
                0x00000000080004e0                sys_tick_handler
 .text.set_systick
                0x00000000080004f0       0x2c sys/timer.o
                0x00000000080004f0                set_systick
 .text          0x000000000800051c       0xec /home/roman/Downloads/gcc-arm-none-eabi-6-2017-q1-update/bin/../lib/gcc/arm-none-eabi/6.3.1/../../../../arm-none-eabi/lib/thumb/v7-m/libc.a(lib_a-memcpy.o)
                0x000000000800051c                memcpy
 .text.memset   0x0000000008000608       0x9c /home/roman/Downloads/gcc-arm-none-eabi-6-2017-q1-update/bin/../lib/gcc/arm-none-eabi/6.3.1/../../../../arm-none-eabi/lib/thumb/v7-m/libc.a(lib_a-memset.o)
                0x0000000008000608                memset
 .text.strlen   0x00000000080006a4       0x5c /home/roman/Downloads/gcc-arm-none-eabi-6-2017-q1-update/bin/../lib/gcc/arm-none-eabi/6.3.1/../../../../arm-none-eabi/lib/thumb/v7-m/libc.a(lib_a-strlen-stub.o)
                0x00000000080006a4                strlen
 .text.strncmp  0x0000000008000700       0xa0 /home/roman/Downloads/gcc-arm-none-eabi-6-2017-q1-update/bin/../lib/gcc/arm-none-eabi/6.3.1/../../../../arm-none-eabi/lib/thumb/v7-m/libc.a(lib_a-strncmp.o)
                0x0000000008000700                strncmp
 .text.gpio_set_mode
                0x00000000080007a0       0x62 /home/roman/Downloads/stm32/libopencm3/lib/libopencm3_stm32f1.a(gpio.o)
                0x00000000080007a0                gpio_set_mode
 *fill*         0x0000000008000802        0x2 
 .text.rcc_osc_on.part.1
                0x0000000008000804       0x10 /home/roman/Downloads/stm32/libopencm3/lib/libopencm3_stm32f1.a(rcc.o)
 .text.rcc_is_osc_ready
                0x0000000008000814       0x5c /home/roman/Downloads/stm32/libopencm3/lib/libopencm3_stm32f1.a(rcc.o)
                0x0000000008000814                rcc_is_osc_ready
 .text.rcc_wait_for_osc_ready
                0x0000000008000870       0x10 /home/roman/Downloads/stm32/libopencm3/lib/libopencm3_stm32f1.a(rcc.o)
                0x0000000008000870                rcc_wait_for_osc_ready
 .text.rcc_osc_on
                0x0000000008000880       0x54 /home/roman/Downloads/stm32/libopencm3/lib/libopencm3_stm32f1.a(rcc.o)
                0x0000000008000880                rcc_osc_on
 .text.rcc_set_sysclk_source
                0x00000000080008d4       0x14 /home/roman/Downloads/stm32/libopencm3/lib/libopencm3_stm32f1.a(rcc.o)
                0x00000000080008d4                rcc_set_sysclk_source
 .text.rcc_set_pll_multiplication_factor
                0x00000000080008e8       0x14 /home/roman/Downloads/stm32/libopencm3/lib/libopencm3_stm32f1.a(rcc.o)
                0x00000000080008e8                rcc_set_pll_multiplication_factor
 .text.rcc_set_pll_source
                0x00000000080008fc       0x14 /home/roman/Downloads/stm32/libopencm3/lib/libopencm3_stm32f1.a(rcc.o)
                0x00000000080008fc                rcc_set_pll_source
 .text.rcc_set_pllxtpre
                0x0000000008000910       0x14 /home/roman/Downloads/stm32/libopencm3/lib/libopencm3_stm32f1.a(rcc.o)
                0x0000000008000910                rcc_set_pllxtpre
 .text.rcc_set_adcpre
                0x0000000008000924       0x14 /home/roman/Downloads/stm32/libopencm3/lib/libopencm3_stm32f1.a(rcc.o)
                0x0000000008000924                rcc_set_adcpre
 .text.rcc_set_ppre2
                0x0000000008000938       0x14 /home/roman/Downloads/stm32/libopencm3/lib/libopencm3_stm32f1.a(rcc.o)
                0x0000000008000938                rcc_set_ppre2
 .text.rcc_set_ppre1
                0x000000000800094c       0x14 /home/roman/Downloads/stm32/libopencm3/lib/libopencm3_stm32f1.a(rcc.o)
                0x000000000800094c                rcc_set_ppre1
 .text.rcc_set_hpre
                0x0000000008000960       0x14 /home/roman/Downloads/stm32/libopencm3/lib/libopencm3_stm32f1.a(rcc.o)
                0x0000000008000960                rcc_set_hpre
 .text.rcc_clock_setup_in_hse_8mhz_out_72mhz
                0x0000000008000974       0x8c /home/roman/Downloads/stm32/libopencm3/lib/libopencm3_stm32f1.a(rcc.o)
                0x0000000008000974                rcc_clock_setup_in_hse_8mhz_out_72mhz
 .text.rcc_periph_clock_enable
                0x0000000008000a00       0x1a /home/roman/Downloads/stm32/libopencm3/lib/libopencm3_stm32f1.a(rcc_common_all.o)
                0x0000000008000a00                rcc_periph_clock_enable
 *fill*         0x0000000008000a1a        0x2 
 .text.usart_set_baudrate
                0x0000000008000a1c       0x28 /home/roman/Downloads/stm32/libopencm3/lib/libopencm3_stm32f1.a(usart_common_all.o)
                0x0000000008000a1c                usart_set_baudrate
 .text.usart_set_databits
                0x0000000008000a44       0x12 /home/roman/Downloads/stm32/libopencm3/lib/libopencm3_stm32f1.a(usart_common_all.o)
                0x0000000008000a44                usart_set_databits
 .text.usart_set_stopbits
                0x0000000008000a56        0xc /home/roman/Downloads/stm32/libopencm3/lib/libopencm3_stm32f1.a(usart_common_all.o)
                0x0000000008000a56                usart_set_stopbits
 .text.usart_set_parity
                0x0000000008000a62        0xc /home/roman/Downloads/stm32/libopencm3/lib/libopencm3_stm32f1.a(usart_common_all.o)
                0x0000000008000a62                usart_set_parity
 .text.usart_set_mode
                0x0000000008000a6e        0xc /home/roman/Downloads/stm32/libopencm3/lib/libopencm3_stm32f1.a(usart_common_all.o)
                0x0000000008000a6e                usart_set_mode
 .text.usart_set_flow_control
                0x0000000008000a7a        0xc /home/roman/Downloads/stm32/libopencm3/lib/libopencm3_stm32f1.a(usart_common_all.o)
                0x0000000008000a7a                usart_set_flow_control
 .text.usart_enable
                0x0000000008000a86        0xa /home/roman/Downloads/stm32/libopencm3/lib/libopencm3_stm32f1.a(usart_common_all.o)
                0x0000000008000a86                usart_enable
 .text.usart_send
                0x0000000008000a90        0x8 /home/roman/Downloads/stm32/libopencm3/lib/libopencm3_stm32f1.a(usart_common_f124.o)
                0x0000000008000a90                usart_send
 .text.usart_recv
                0x0000000008000a98        0x8 /home/roman/Downloads/stm32/libopencm3/lib/libopencm3_stm32f1.a(usart_common_f124.o)
                0x0000000008000a98                usart_recv
 .text.blocking_handler
                0x0000000008000aa0        0x2 /home/roman/Downloads/stm32/libopencm3/lib/libopencm3_stm32f1.a(vector.o)
                0x0000000008000aa0                usart3_isr
                0x0000000008000aa0                rtc_isr
                0x0000000008000aa0                tim7_isr
                0x0000000008000aa0                adc1_2_isr
                0x0000000008000aa0                tim1_trg_com_isr
                0x0000000008000aa0                usb_hp_can_tx_isr
                0x0000000008000aa0                tim6_isr
                0x0000000008000aa0                usb_wakeup_isr
                0x0000000008000aa0                blocking_handler
                0x0000000008000aa0                tim5_isr
                0x0000000008000aa0                otg_fs_isr
                0x0000000008000aa0                spi1_isr
                0x0000000008000aa0                exti2_isr
                0x0000000008000aa0                dma1_channel6_isr
                0x0000000008000aa0                can_rx1_isr
                0x0000000008000aa0                dma1_channel5_isr
                0x0000000008000aa0                dma2_channel5_isr
                0x0000000008000aa0                usage_fault_handler
                0x0000000008000aa0                tim8_trg_com_isr
                0x0000000008000aa0                can2_rx0_isr
                0x0000000008000aa0                tim1_brk_isr
                0x0000000008000aa0                can2_rx1_isr
                0x0000000008000aa0                tim1_cc_isr
                0x0000000008000aa0                sdio_isr
                0x0000000008000aa0                eth_isr
                0x0000000008000aa0                dma1_channel4_isr
                0x0000000008000aa0                tim8_brk_isr
                0x0000000008000aa0                dma2_channel4_5_isr
                0x0000000008000aa0                pvd_isr
                0x0000000008000aa0                rcc_isr
                0x0000000008000aa0                flash_isr
                0x0000000008000aa0                uart4_isr
                0x0000000008000aa0                rtc_alarm_isr
                0x0000000008000aa0                exti15_10_isr
                0x0000000008000aa0                hard_fault_handler
                0x0000000008000aa0                exti1_isr
                0x0000000008000aa0                i2c1_ev_isr
                0x0000000008000aa0                dma2_channel1_isr
                0x0000000008000aa0                spi2_isr
                0x0000000008000aa0                tim8_up_isr
                0x0000000008000aa0                dma2_channel2_isr
                0x0000000008000aa0                exti3_isr
                0x0000000008000aa0                adc3_isr
                0x0000000008000aa0                tim3_isr
                0x0000000008000aa0                usart2_isr
                0x0000000008000aa0                usb_lp_can_rx0_isr
                0x0000000008000aa0                i2c2_er_isr
                0x0000000008000aa0                i2c2_ev_isr
                0x0000000008000aa0                uart5_isr
                0x0000000008000aa0                fsmc_isr
                0x0000000008000aa0                dma1_channel1_isr
                0x0000000008000aa0                exti4_isr
                0x0000000008000aa0                mem_manage_handler
                0x0000000008000aa0                can2_tx_isr
                0x0000000008000aa0                exti9_5_isr
                0x0000000008000aa0                dma2_channel3_isr
                0x0000000008000aa0                dma1_channel7_isr
                0x0000000008000aa0                tim1_up_isr
                0x0000000008000aa0                can2_sce_isr
                0x0000000008000aa0                tim4_isr
                0x0000000008000aa0                dma1_channel2_isr
                0x0000000008000aa0                i2c1_er_isr
                0x0000000008000aa0                can_sce_isr
                0x0000000008000aa0                tim8_cc_isr
                0x0000000008000aa0                tamper_isr
                0x0000000008000aa0                eth_wkup_isr
                0x0000000008000aa0                bus_fault_handler
                0x0000000008000aa0                wwdg_isr
                0x0000000008000aa0                dma1_channel3_isr
                0x0000000008000aa0                spi3_isr
                0x0000000008000aa0                tim2_isr
                0x0000000008000aa0                exti0_isr
 .text.null_handler
                0x0000000008000aa2        0x2 /home/roman/Downloads/stm32/libopencm3/lib/libopencm3_stm32f1.a(vector.o)
                0x0000000008000aa2                null_handler
                0x0000000008000aa2                sv_call_handler
                0x0000000008000aa2                pend_sv_handler
                0x0000000008000aa2                debug_monitor_handler
                0x0000000008000aa2                nmi_handler
 .text.reset_handler
                0x0000000008000aa4       0x94 /home/roman/Downloads/stm32/libopencm3/lib/libopencm3_stm32f1.a(vector.o)
                0x0000000008000aa4                reset_handler
 .text.systick_set_reload
                0x0000000008000b38       0x10 /home/roman/Downloads/stm32/libopencm3/lib/libopencm3_stm32f1.a(systick.o)
                0x0000000008000b38                systick_set_reload
 .text.systick_set_clocksource
                0x0000000008000b48       0x18 /home/roman/Downloads/stm32/libopencm3/lib/libopencm3_stm32f1.a(systick.o)
                0x0000000008000b48                systick_set_clocksource
 .text.systick_interrupt_enable
                0x0000000008000b60       0x10 /home/roman/Downloads/stm32/libopencm3/lib/libopencm3_stm32f1.a(systick.o)
                0x0000000008000b60                systick_interrupt_enable
 .text.systick_counter_enable
                0x0000000008000b70       0x10 /home/roman/Downloads/stm32/libopencm3/lib/libopencm3_stm32f1.a(systick.o)
                0x0000000008000b70                systick_counter_enable
 .text.nvic_enable_irq
                0x0000000008000b80       0x1a /home/roman/Downloads/stm32/libopencm3/lib/libopencm3_stm32f1.a(nvic.o)
                0x0000000008000b80                nvic_enable_irq
 *fill*         0x0000000008000b9a        0x2 
 .text.flash_set_ws
                0x0000000008000b9c       0x14 /home/roman/Downloads/stm32/libopencm3/lib/libopencm3_stm32f1.a(flash_common_all.o)
                0x0000000008000b9c                flash_set_ws
                0x0000000008000bb0                . = ALIGN (0x4)
 *(.rodata*)
 .rodata.main.str1.1
                0x0000000008000bb0        0xd main.o
 .rodata.uart_check_for_cmd.str1.1
                0x0000000008000bbd       0x13 sys/serial.o
                                         0x16 (size before relaxing)
 .rodata.uart_put_new_line.str1.1
                0x0000000008000bd0        0x3 sys/serial.o
 .rodata.uart_rcv_echo_buffer.str1.1
                0x0000000008000bd3        0x4 sys/serial.o
 .rodata.process_cmd.str1.1
                0x0000000008000bd7       0x15 sys/cmds.o
                0x0000000008000bec                . = ALIGN (0x4)

.glue_7         0x0000000008000bec        0x0
 .glue_7        0x0000000008000bec        0x0 linker stubs

.glue_7t        0x0000000008000bec        0x0
 .glue_7t       0x0000000008000bec        0x0 linker stubs

.vfp11_veneer   0x0000000008000bec        0x0
 .vfp11_veneer  0x0000000008000bec        0x0 linker stubs

.v4_bx          0x0000000008000bec        0x0
 .v4_bx         0x0000000008000bec        0x0 linker stubs

.iplt           0x0000000008000bec        0x0
 .iplt          0x0000000008000bec        0x0 main.o

.rel.dyn        0x0000000008000bec        0x0
 .rel.iplt      0x0000000008000bec        0x0 main.o

.preinit_array  0x0000000008000bec        0x0
                0x0000000008000bec                . = ALIGN (0x4)
                0x0000000008000bec                __preinit_array_start = .
 *(.preinit_array)
                0x0000000008000bec                __preinit_array_end = .

.init_array     0x0000000008000bec        0x0
                0x0000000008000bec                . = ALIGN (0x4)
                0x0000000008000bec                __init_array_start = .
 *(SORT(.init_array.*))
 *(.init_array)
                0x0000000008000bec                __init_array_end = .

.fini_array     0x0000000008000bec        0x0
                0x0000000008000bec                . = ALIGN (0x4)
                0x0000000008000bec                __fini_array_start = .
 *(.fini_array)
 *(SORT(.fini_array.*))
                0x0000000008000bec                __fini_array_end = .

.ARM.extab
 *(.ARM.extab*)

.ARM.exidx      0x0000000008000bec        0x0
                0x0000000008000bec                __exidx_start = .
 *(.ARM.exidx*)
                0x0000000008000bec                __exidx_end = .
                0x0000000008000bec                . = ALIGN (0x4)
                0x0000000008000bec                _etext = .

.data           0x0000000020000000       0x60 load address 0x0000000008000bec
                0x0000000020000000                _data = .
 *(.data*)
 .data.commands
                0x0000000020000000       0x54 sys/cmds.o
                0x0000000020000000                commands
 .data.rcc_ahb_frequency
                0x0000000020000054        0x4 /home/roman/Downloads/stm32/libopencm3/lib/libopencm3_stm32f1.a(rcc.o)
                0x0000000020000054                rcc_ahb_frequency
 .data.rcc_apb1_frequency
                0x0000000020000058        0x4 /home/roman/Downloads/stm32/libopencm3/lib/libopencm3_stm32f1.a(rcc.o)
                0x0000000020000058                rcc_apb1_frequency
 .data.rcc_apb2_frequency
                0x000000002000005c        0x4 /home/roman/Downloads/stm32/libopencm3/lib/libopencm3_stm32f1.a(rcc.o)
                0x000000002000005c                rcc_apb2_frequency
                0x0000000020000060                . = ALIGN (0x4)
                0x0000000020000060                _edata = .
                0x0000000008000bec                _data_loadaddr = LOADADDR (.data)

.igot.plt       0x0000000020000060        0x0 load address 0x0000000008000c4c
 .igot.plt      0x0000000020000060        0x0 main.o

.bss            0x0000000020000060      0x31c load address 0x0000000008000c4c
 *(.bss*)
 .bss.buf_indx_send
                0x0000000020000060        0x4 sys/serial.o
                0x0000000020000060                buf_indx_send
 .bss.buf_indx_write
                0x0000000020000064        0x4 sys/serial.o
                0x0000000020000064                buf_indx_write
 .bss.cmd_data_len
                0x0000000020000068        0x4 sys/serial.o
                0x0000000020000068                cmd_data_len
 .bss.is_cmd_received
                0x000000002000006c        0x1 sys/serial.o
                0x000000002000006c                is_cmd_received
 *fill*         0x000000002000006d        0x1 
 .bss.rcv_buf   0x000000002000006e      0x100 sys/serial.o
                0x000000002000006e                rcv_buf
 *fill*         0x000000002000016e        0x2 
 .bss.rcv_data_len
                0x0000000020000170        0x4 sys/serial.o
                0x0000000020000170                rcv_data_len
 .bss.send_buf  0x0000000020000174      0x200 sys/serial.o
                0x0000000020000174                send_buf
 .bss.send_data_len
                0x0000000020000374        0x4 sys/serial.o
                0x0000000020000374                send_data_len
 .bss.ticks_counter
                0x0000000020000378        0x4 sys/timer.o
                0x0000000020000378                ticks_counter
 *(COMMON)
                0x000000002000037c                . = ALIGN (0x4)
                0x000000002000037c                _ebss = .

/DISCARD/
 *(.eh_frame)
                0x000000002000037c                . = ALIGN (0x4)
                0x000000002000037c                end = .
                0x0000000020005000                PROVIDE (_stack, (ORIGIN (ram) + LENGTH (ram)))
OUTPUT(main.elf elf32-littlearm)

.debug_info     0x0000000000000000     0x4e7d
 .debug_info    0x0000000000000000      0xdc4 main.o
 .debug_info    0x0000000000000dc4      0xd5b sys/serial.o
 .debug_info    0x0000000000001b1f      0xa93 sys/cmds.o
 .debug_info    0x00000000000025b2      0x157 sys/timer.o
 .debug_info    0x0000000000002709      0x1dd /home/roman/Downloads/stm32/libopencm3/lib/libopencm3_stm32f1.a(gpio.o)
 .debug_info    0x00000000000028e6     0x114b /home/roman/Downloads/stm32/libopencm3/lib/libopencm3_stm32f1.a(rcc.o)
 .debug_info    0x0000000000003a31      0x5f2 /home/roman/Downloads/stm32/libopencm3/lib/libopencm3_stm32f1.a(rcc_common_all.o)
 .debug_info    0x0000000000004023      0x4c0 /home/roman/Downloads/stm32/libopencm3/lib/libopencm3_stm32f1.a(usart_common_all.o)
 .debug_info    0x00000000000044e3      0x19a /home/roman/Downloads/stm32/libopencm3/lib/libopencm3_stm32f1.a(usart_common_f124.o)
 .debug_info    0x000000000000467d      0x2af /home/roman/Downloads/stm32/libopencm3/lib/libopencm3_stm32f1.a(vector.o)
 .debug_info    0x000000000000492c      0x251 /home/roman/Downloads/stm32/libopencm3/lib/libopencm3_stm32f1.a(systick.o)
 .debug_info    0x0000000000004b7d      0x214 /home/roman/Downloads/stm32/libopencm3/lib/libopencm3_stm32f1.a(nvic.o)
 .debug_info    0x0000000000004d91       0xec /home/roman/Downloads/stm32/libopencm3/lib/libopencm3_stm32f1.a(flash_common_all.o)

.debug_abbrev   0x0000000000000000     0x12d5
 .debug_abbrev  0x0000000000000000      0x28b main.o
 .debug_abbrev  0x000000000000028b      0x31b sys/serial.o
 .debug_abbrev  0x00000000000005a6      0x291 sys/cmds.o
 .debug_abbrev  0x0000000000000837       0xe4 sys/timer.o
 .debug_abbrev  0x000000000000091b       0xb7 /home/roman/Downloads/stm32/libopencm3/lib/libopencm3_stm32f1.a(gpio.o)
 .debug_abbrev  0x00000000000009d2      0x27f /home/roman/Downloads/stm32/libopencm3/lib/libopencm3_stm32f1.a(rcc.o)
 .debug_abbrev  0x0000000000000c51      0x137 /home/roman/Downloads/stm32/libopencm3/lib/libopencm3_stm32f1.a(rcc_common_all.o)
 .debug_abbrev  0x0000000000000d88      0x10f /home/roman/Downloads/stm32/libopencm3/lib/libopencm3_stm32f1.a(usart_common_all.o)
 .debug_abbrev  0x0000000000000e97       0xb7 /home/roman/Downloads/stm32/libopencm3/lib/libopencm3_stm32f1.a(usart_common_f124.o)
 .debug_abbrev  0x0000000000000f4e      0x127 /home/roman/Downloads/stm32/libopencm3/lib/libopencm3_stm32f1.a(vector.o)
 .debug_abbrev  0x0000000000001075      0x130 /home/roman/Downloads/stm32/libopencm3/lib/libopencm3_stm32f1.a(systick.o)
 .debug_abbrev  0x00000000000011a5       0xa6 /home/roman/Downloads/stm32/libopencm3/lib/libopencm3_stm32f1.a(nvic.o)
 .debug_abbrev  0x000000000000124b       0x8a /home/roman/Downloads/stm32/libopencm3/lib/libopencm3_stm32f1.a(flash_common_all.o)

.debug_loc      0x0000000000000000     0x1055
 .debug_loc     0x0000000000000000       0x13 main.o
 .debug_loc     0x0000000000000013      0x20c sys/serial.o
 .debug_loc     0x000000000000021f      0x13a sys/cmds.o
 .debug_loc     0x0000000000000359       0x13 sys/timer.o
 .debug_loc     0x000000000000036c      0x172 /home/roman/Downloads/stm32/libopencm3/lib/libopencm3_stm32f1.a(gpio.o)
 .debug_loc     0x00000000000004de      0x480 /home/roman/Downloads/stm32/libopencm3/lib/libopencm3_stm32f1.a(rcc.o)
 .debug_loc     0x000000000000095e      0x108 /home/roman/Downloads/stm32/libopencm3/lib/libopencm3_stm32f1.a(rcc_common_all.o)
 .debug_loc     0x0000000000000a66      0x1ca /home/roman/Downloads/stm32/libopencm3/lib/libopencm3_stm32f1.a(usart_common_all.o)
 .debug_loc     0x0000000000000c30       0x63 /home/roman/Downloads/stm32/libopencm3/lib/libopencm3_stm32f1.a(usart_common_f124.o)
 .debug_loc     0x0000000000000c93       0xea /home/roman/Downloads/stm32/libopencm3/lib/libopencm3_stm32f1.a(vector.o)
 .debug_loc     0x0000000000000d7d      0x170 /home/roman/Downloads/stm32/libopencm3/lib/libopencm3_stm32f1.a(systick.o)
 .debug_loc     0x0000000000000eed      0x129 /home/roman/Downloads/stm32/libopencm3/lib/libopencm3_stm32f1.a(nvic.o)
 .debug_loc     0x0000000000001016       0x3f /home/roman/Downloads/stm32/libopencm3/lib/libopencm3_stm32f1.a(flash_common_all.o)

.debug_aranges  0x0000000000000000      0x4f8
 .debug_aranges
                0x0000000000000000       0x28 main.o
 .debug_aranges
                0x0000000000000028       0x50 sys/serial.o
 .debug_aranges
                0x0000000000000078       0x28 sys/cmds.o
 .debug_aranges
                0x00000000000000a0       0x28 sys/timer.o
 .debug_aranges
                0x00000000000000c8       0x38 /home/roman/Downloads/stm32/libopencm3/lib/libopencm3_stm32f1.a(gpio.o)
 .debug_aranges
                0x0000000000000100      0x158 /home/roman/Downloads/stm32/libopencm3/lib/libopencm3_stm32f1.a(rcc.o)
 .debug_aranges
                0x0000000000000258       0x68 /home/roman/Downloads/stm32/libopencm3/lib/libopencm3_stm32f1.a(rcc_common_all.o)
 .debug_aranges
                0x00000000000002c0       0xb8 /home/roman/Downloads/stm32/libopencm3/lib/libopencm3_stm32f1.a(usart_common_all.o)
 .debug_aranges
                0x0000000000000378       0x40 /home/roman/Downloads/stm32/libopencm3/lib/libopencm3_stm32f1.a(usart_common_f124.o)
 .debug_aranges
                0x00000000000003b8       0x30 /home/roman/Downloads/stm32/libopencm3/lib/libopencm3_stm32f1.a(vector.o)
 .debug_aranges
                0x00000000000003e8       0x78 /home/roman/Downloads/stm32/libopencm3/lib/libopencm3_stm32f1.a(systick.o)
 .debug_aranges
                0x0000000000000460       0x60 /home/roman/Downloads/stm32/libopencm3/lib/libopencm3_stm32f1.a(nvic.o)
 .debug_aranges
                0x00000000000004c0       0x38 /home/roman/Downloads/stm32/libopencm3/lib/libopencm3_stm32f1.a(flash_common_all.o)

.debug_ranges   0x0000000000000000      0x560
 .debug_ranges  0x0000000000000000       0x18 main.o
 .debug_ranges  0x0000000000000018       0xe0 sys/serial.o
 .debug_ranges  0x00000000000000f8       0x38 sys/cmds.o
 .debug_ranges  0x0000000000000130       0x18 sys/timer.o
 .debug_ranges  0x0000000000000148       0x28 /home/roman/Downloads/stm32/libopencm3/lib/libopencm3_stm32f1.a(gpio.o)
 .debug_ranges  0x0000000000000170      0x1a8 /home/roman/Downloads/stm32/libopencm3/lib/libopencm3_stm32f1.a(rcc.o)
 .debug_ranges  0x0000000000000318       0x58 /home/roman/Downloads/stm32/libopencm3/lib/libopencm3_stm32f1.a(rcc_common_all.o)
 .debug_ranges  0x0000000000000370       0xa8 /home/roman/Downloads/stm32/libopencm3/lib/libopencm3_stm32f1.a(usart_common_all.o)
 .debug_ranges  0x0000000000000418       0x30 /home/roman/Downloads/stm32/libopencm3/lib/libopencm3_stm32f1.a(usart_common_f124.o)
 .debug_ranges  0x0000000000000448       0x20 /home/roman/Downloads/stm32/libopencm3/lib/libopencm3_stm32f1.a(vector.o)
 .debug_ranges  0x0000000000000468       0x80 /home/roman/Downloads/stm32/libopencm3/lib/libopencm3_stm32f1.a(systick.o)
 .debug_ranges  0x00000000000004e8       0x50 /home/roman/Downloads/stm32/libopencm3/lib/libopencm3_stm32f1.a(nvic.o)
 .debug_ranges  0x0000000000000538       0x28 /home/roman/Downloads/stm32/libopencm3/lib/libopencm3_stm32f1.a(flash_common_all.o)

.debug_line     0x0000000000000000     0x2dcc
 .debug_line    0x0000000000000000      0x2ea main.o
 .debug_line    0x00000000000002ea      0x3ad sys/serial.o
 .debug_line    0x0000000000000697      0x1b7 sys/cmds.o
 .debug_line    0x000000000000084e      0x1b5 sys/timer.o
 .debug_line    0x0000000000000a03      0x344 /home/roman/Downloads/stm32/libopencm3/lib/libopencm3_stm32f1.a(gpio.o)
 .debug_line    0x0000000000000d47      0x719 /home/roman/Downloads/stm32/libopencm3/lib/libopencm3_stm32f1.a(rcc.o)
 .debug_line    0x0000000000001460      0x3a5 /home/roman/Downloads/stm32/libopencm3/lib/libopencm3_stm32f1.a(rcc_common_all.o)
 .debug_line    0x0000000000001805      0x4a8 /home/roman/Downloads/stm32/libopencm3/lib/libopencm3_stm32f1.a(usart_common_all.o)
 .debug_line    0x0000000000001cad      0x39b /home/roman/Downloads/stm32/libopencm3/lib/libopencm3_stm32f1.a(usart_common_f124.o)
 .debug_line    0x0000000000002048      0x392 /home/roman/Downloads/stm32/libopencm3/lib/libopencm3_stm32f1.a(vector.o)
 .debug_line    0x00000000000023da      0x332 /home/roman/Downloads/stm32/libopencm3/lib/libopencm3_stm32f1.a(systick.o)
 .debug_line    0x000000000000270c      0x354 /home/roman/Downloads/stm32/libopencm3/lib/libopencm3_stm32f1.a(nvic.o)
 .debug_line    0x0000000000002a60      0x36c /home/roman/Downloads/stm32/libopencm3/lib/libopencm3_stm32f1.a(flash_common_all.o)

.debug_str      0x0000000000000000     0xf3e6
 .debug_str     0x0000000000000000      0x8c0 main.o
                                        0x989 (size before relaxing)
 .debug_str     0x00000000000008c0      0x12e sys/serial.o
                                        0x782 (size before relaxing)
 .debug_str     0x00000000000009ee       0x37 sys/cmds.o
                                        0x5c8 (size before relaxing)
 .debug_str     0x0000000000000a25       0x87 sys/timer.o
                                        0x25e (size before relaxing)
 .debug_str     0x0000000000000aac     0x7b71 /home/roman/Downloads/stm32/libopencm3/lib/libopencm3_stm32f1.a(gpio.o)
                                       0x7d16 (size before relaxing)
 .debug_str     0x000000000000861d     0x30bc /home/roman/Downloads/stm32/libopencm3/lib/libopencm3_stm32f1.a(rcc.o)
                                       0x7609 (size before relaxing)
 .debug_str     0x000000000000b6d9      0x35b /home/roman/Downloads/stm32/libopencm3/lib/libopencm3_stm32f1.a(rcc_common_all.o)
                                       0x6f1f (size before relaxing)
 .debug_str     0x000000000000ba34     0x10f0 /home/roman/Downloads/stm32/libopencm3/lib/libopencm3_stm32f1.a(usart_common_all.o)
                                       0x7ade (size before relaxing)
 .debug_str     0x000000000000cb24       0x2d /home/roman/Downloads/stm32/libopencm3/lib/libopencm3_stm32f1.a(usart_common_f124.o)
                                       0x7918 (size before relaxing)
 .debug_str     0x000000000000cb51     0x247d /home/roman/Downloads/stm32/libopencm3/lib/libopencm3_stm32f1.a(vector.o)
                                       0x5de8 (size before relaxing)
 .debug_str     0x000000000000efce      0x2f0 /home/roman/Downloads/stm32/libopencm3/lib/libopencm3_stm32f1.a(systick.o)
                                       0x3cbe (size before relaxing)
 .debug_str     0x000000000000f2be       0xc4 /home/roman/Downloads/stm32/libopencm3/lib/libopencm3_stm32f1.a(nvic.o)
                                       0x53c1 (size before relaxing)
 .debug_str     0x000000000000f382       0x64 /home/roman/Downloads/stm32/libopencm3/lib/libopencm3_stm32f1.a(flash_common_all.o)
                                       0x4ce2 (size before relaxing)

.comment        0x0000000000000000       0x7f
 .comment       0x0000000000000000       0x7f main.o
                                         0x80 (size before relaxing)
 .comment       0x000000000000007f       0x80 sys/serial.o
 .comment       0x000000000000007f       0x80 sys/cmds.o
 .comment       0x000000000000007f       0x80 sys/timer.o
 .comment       0x000000000000007f       0x80 /home/roman/Downloads/stm32/libopencm3/lib/libopencm3_stm32f1.a(gpio.o)
 .comment       0x000000000000007f       0x80 /home/roman/Downloads/stm32/libopencm3/lib/libopencm3_stm32f1.a(rcc.o)
 .comment       0x000000000000007f       0x80 /home/roman/Downloads/stm32/libopencm3/lib/libopencm3_stm32f1.a(rcc_common_all.o)
 .comment       0x000000000000007f       0x80 /home/roman/Downloads/stm32/libopencm3/lib/libopencm3_stm32f1.a(usart_common_all.o)
 .comment       0x000000000000007f       0x80 /home/roman/Downloads/stm32/libopencm3/lib/libopencm3_stm32f1.a(usart_common_f124.o)
 .comment       0x000000000000007f       0x80 /home/roman/Downloads/stm32/libopencm3/lib/libopencm3_stm32f1.a(vector.o)
 .comment       0x000000000000007f       0x80 /home/roman/Downloads/stm32/libopencm3/lib/libopencm3_stm32f1.a(systick.o)
 .comment       0x000000000000007f       0x80 /home/roman/Downloads/stm32/libopencm3/lib/libopencm3_stm32f1.a(nvic.o)
 .comment       0x000000000000007f       0x80 /home/roman/Downloads/stm32/libopencm3/lib/libopencm3_stm32f1.a(flash_common_all.o)

.ARM.attributes
                0x0000000000000000       0x31
 .ARM.attributes
                0x0000000000000000       0x33 main.o
 .ARM.attributes
                0x0000000000000033       0x33 sys/serial.o
 .ARM.attributes
                0x0000000000000066       0x33 sys/cmds.o
 .ARM.attributes
                0x0000000000000099       0x33 sys/timer.o
 .ARM.attributes
                0x00000000000000cc       0x1b /home/roman/Downloads/gcc-arm-none-eabi-6-2017-q1-update/bin/../lib/gcc/arm-none-eabi/6.3.1/../../../../arm-none-eabi/lib/thumb/v7-m/libc.a(lib_a-memcpy.o)
 .ARM.attributes
                0x00000000000000e7       0x2d /home/roman/Downloads/gcc-arm-none-eabi-6-2017-q1-update/bin/../lib/gcc/arm-none-eabi/6.3.1/../../../../arm-none-eabi/lib/thumb/v7-m/libc.a(lib_a-memset.o)
 .ARM.attributes
                0x0000000000000114       0x2d /home/roman/Downloads/gcc-arm-none-eabi-6-2017-q1-update/bin/../lib/gcc/arm-none-eabi/6.3.1/../../../../arm-none-eabi/lib/thumb/v7-m/libc.a(lib_a-strlen-stub.o)
 .ARM.attributes
                0x0000000000000141       0x2d /home/roman/Downloads/gcc-arm-none-eabi-6-2017-q1-update/bin/../lib/gcc/arm-none-eabi/6.3.1/../../../../arm-none-eabi/lib/thumb/v7-m/libc.a(lib_a-strncmp.o)
 .ARM.attributes
                0x000000000000016e       0x33 /home/roman/Downloads/stm32/libopencm3/lib/libopencm3_stm32f1.a(gpio.o)
 .ARM.attributes
                0x00000000000001a1       0x33 /home/roman/Downloads/stm32/libopencm3/lib/libopencm3_stm32f1.a(rcc.o)
 .ARM.attributes
                0x00000000000001d4       0x33 /home/roman/Downloads/stm32/libopencm3/lib/libopencm3_stm32f1.a(rcc_common_all.o)
 .ARM.attributes
                0x0000000000000207       0x33 /home/roman/Downloads/stm32/libopencm3/lib/libopencm3_stm32f1.a(usart_common_all.o)
 .ARM.attributes
                0x000000000000023a       0x33 /home/roman/Downloads/stm32/libopencm3/lib/libopencm3_stm32f1.a(usart_common_f124.o)
 .ARM.attributes
                0x000000000000026d       0x33 /home/roman/Downloads/stm32/libopencm3/lib/libopencm3_stm32f1.a(vector.o)
 .ARM.attributes
                0x00000000000002a0       0x33 /home/roman/Downloads/stm32/libopencm3/lib/libopencm3_stm32f1.a(systick.o)
 .ARM.attributes
                0x00000000000002d3       0x33 /home/roman/Downloads/stm32/libopencm3/lib/libopencm3_stm32f1.a(nvic.o)
 .ARM.attributes
                0x0000000000000306       0x33 /home/roman/Downloads/stm32/libopencm3/lib/libopencm3_stm32f1.a(flash_common_all.o)

.debug_frame    0x0000000000000000      0xa54
 .debug_frame   0x0000000000000000       0x40 main.o
 .debug_frame   0x0000000000000040       0xdc sys/serial.o
 .debug_frame   0x000000000000011c       0x5c sys/cmds.o
 .debug_frame   0x0000000000000178       0x3c sys/timer.o
 .debug_frame   0x00000000000001b4       0x34 /home/roman/Downloads/gcc-arm-none-eabi-6-2017-q1-update/bin/../lib/gcc/arm-none-eabi/6.3.1/../../../../arm-none-eabi/lib/thumb/v7-m/libc.a(lib_a-memset.o)
 .debug_frame   0x00000000000001e8       0x20 /home/roman/Downloads/gcc-arm-none-eabi-6-2017-q1-update/bin/../lib/gcc/arm-none-eabi/6.3.1/../../../../arm-none-eabi/lib/thumb/v7-m/libc.a(lib_a-strlen-stub.o)
 .debug_frame   0x0000000000000208       0x54 /home/roman/Downloads/gcc-arm-none-eabi-6-2017-q1-update/bin/../lib/gcc/arm-none-eabi/6.3.1/../../../../arm-none-eabi/lib/thumb/v7-m/libc.a(lib_a-strncmp.o)
 .debug_frame   0x000000000000025c       0x64 /home/roman/Downloads/stm32/libopencm3/lib/libopencm3_stm32f1.a(gpio.o)
 .debug_frame   0x00000000000002c0      0x2e0 /home/roman/Downloads/stm32/libopencm3/lib/libopencm3_stm32f1.a(rcc.o)
 .debug_frame   0x00000000000005a0       0xd0 /home/roman/Downloads/stm32/libopencm3/lib/libopencm3_stm32f1.a(rcc_common_all.o)
 .debug_frame   0x0000000000000670      0x170 /home/roman/Downloads/stm32/libopencm3/lib/libopencm3_stm32f1.a(usart_common_all.o)
 .debug_frame   0x00000000000007e0       0x60 /home/roman/Downloads/stm32/libopencm3/lib/libopencm3_stm32f1.a(usart_common_f124.o)
 .debug_frame   0x0000000000000840       0x4c /home/roman/Downloads/stm32/libopencm3/lib/libopencm3_stm32f1.a(vector.o)
 .debug_frame   0x000000000000088c       0xd8 /home/roman/Downloads/stm32/libopencm3/lib/libopencm3_stm32f1.a(systick.o)
 .debug_frame   0x0000000000000964       0xa0 /home/roman/Downloads/stm32/libopencm3/lib/libopencm3_stm32f1.a(nvic.o)
 .debug_frame   0x0000000000000a04       0x50 /home/roman/Downloads/stm32/libopencm3/lib/libopencm3_stm32f1.a(flash_common_all.o)

.debug_macro    0x0000000000000000     0x3c52
 .debug_macro   0x0000000000000000       0xb8 /home/roman/Downloads/stm32/libopencm3/lib/libopencm3_stm32f1.a(gpio.o)
 .debug_macro   0x00000000000000b8      0x8a4 /home/roman/Downloads/stm32/libopencm3/lib/libopencm3_stm32f1.a(gpio.o)
 .debug_macro   0x000000000000095c       0x1c /home/roman/Downloads/stm32/libopencm3/lib/libopencm3_stm32f1.a(gpio.o)
 .debug_macro   0x0000000000000978       0x22 /home/roman/Downloads/stm32/libopencm3/lib/libopencm3_stm32f1.a(gpio.o)
 .debug_macro   0x000000000000099a       0x4f /home/roman/Downloads/stm32/libopencm3/lib/libopencm3_stm32f1.a(gpio.o)
 .debug_macro   0x00000000000009e9       0x51 /home/roman/Downloads/stm32/libopencm3/lib/libopencm3_stm32f1.a(gpio.o)
 .debug_macro   0x0000000000000a3a       0xef /home/roman/Downloads/stm32/libopencm3/lib/libopencm3_stm32f1.a(gpio.o)
 .debug_macro   0x0000000000000b29       0x6a /home/roman/Downloads/stm32/libopencm3/lib/libopencm3_stm32f1.a(gpio.o)
 .debug_macro   0x0000000000000b93      0x1df /home/roman/Downloads/stm32/libopencm3/lib/libopencm3_stm32f1.a(gpio.o)
 .debug_macro   0x0000000000000d72       0x22 /home/roman/Downloads/stm32/libopencm3/lib/libopencm3_stm32f1.a(gpio.o)
 .debug_macro   0x0000000000000d94       0xe8 /home/roman/Downloads/stm32/libopencm3/lib/libopencm3_stm32f1.a(gpio.o)
 .debug_macro   0x0000000000000e7c       0x76 /home/roman/Downloads/stm32/libopencm3/lib/libopencm3_stm32f1.a(gpio.o)
 .debug_macro   0x0000000000000ef2      0x1b4 /home/roman/Downloads/stm32/libopencm3/lib/libopencm3_stm32f1.a(gpio.o)
 .debug_macro   0x00000000000010a6       0x76 /home/roman/Downloads/stm32/libopencm3/lib/libopencm3_stm32f1.a(gpio.o)
 .debug_macro   0x000000000000111c      0xe04 /home/roman/Downloads/stm32/libopencm3/lib/libopencm3_stm32f1.a(gpio.o)
 .debug_macro   0x0000000000001f20       0xe7 /home/roman/Downloads/stm32/libopencm3/lib/libopencm3_stm32f1.a(rcc.o)
 .debug_macro   0x0000000000002007       0x16 /home/roman/Downloads/stm32/libopencm3/lib/libopencm3_stm32f1.a(rcc.o)
 .debug_macro   0x000000000000201d      0x82c /home/roman/Downloads/stm32/libopencm3/lib/libopencm3_stm32f1.a(rcc.o)
 .debug_macro   0x0000000000002849       0xee /home/roman/Downloads/stm32/libopencm3/lib/libopencm3_stm32f1.a(rcc.o)
 .debug_macro   0x0000000000002937       0x82 /home/roman/Downloads/stm32/libopencm3/lib/libopencm3_stm32f1.a(rcc.o)
 .debug_macro   0x00000000000029b9       0xce /home/roman/Downloads/stm32/libopencm3/lib/libopencm3_stm32f1.a(rcc_common_all.o)
 .debug_macro   0x0000000000002a87       0xda /home/roman/Downloads/stm32/libopencm3/lib/libopencm3_stm32f1.a(usart_common_all.o)
 .debug_macro   0x0000000000002b61       0x94 /home/roman/Downloads/stm32/libopencm3/lib/libopencm3_stm32f1.a(usart_common_all.o)
 .debug_macro   0x0000000000002bf5      0x29e /home/roman/Downloads/stm32/libopencm3/lib/libopencm3_stm32f1.a(usart_common_all.o)
 .debug_macro   0x0000000000002e93       0xda /home/roman/Downloads/stm32/libopencm3/lib/libopencm3_stm32f1.a(usart_common_f124.o)
 .debug_macro   0x0000000000002f6d       0xcf /home/roman/Downloads/stm32/libopencm3/lib/libopencm3_stm32f1.a(vector.o)
 .debug_macro   0x000000000000303c      0x395 /home/roman/Downloads/stm32/libopencm3/lib/libopencm3_stm32f1.a(vector.o)
 .debug_macro   0x00000000000033d1       0x6e /home/roman/Downloads/stm32/libopencm3/lib/libopencm3_stm32f1.a(vector.o)
 .debug_macro   0x000000000000343f      0x1a2 /home/roman/Downloads/stm32/libopencm3/lib/libopencm3_stm32f1.a(vector.o)
 .debug_macro   0x00000000000035e1       0x92 /home/roman/Downloads/stm32/libopencm3/lib/libopencm3_stm32f1.a(systick.o)
 .debug_macro   0x0000000000003673       0x69 /home/roman/Downloads/stm32/libopencm3/lib/libopencm3_stm32f1.a(systick.o)
 .debug_macro   0x00000000000036dc       0xb3 /home/roman/Downloads/stm32/libopencm3/lib/libopencm3_stm32f1.a(nvic.o)
 .debug_macro   0x000000000000378f       0x68 /home/roman/Downloads/stm32/libopencm3/lib/libopencm3_stm32f1.a(nvic.o)
 .debug_macro   0x00000000000037f7      0x39b /home/roman/Downloads/stm32/libopencm3/lib/libopencm3_stm32f1.a(nvic.o)
 .debug_macro   0x0000000000003b92       0xc0 /home/roman/Downloads/stm32/libopencm3/lib/libopencm3_stm32f1.a(flash_common_all.o)
